Filesystem volume name:   <none>
Last mounted on:          /
Filesystem UUID:          4e5bf8a8-270c-4d5f-87ae-4c9a64a37ebd
Filesystem magic number:  0xEF53
Filesystem revision #:    1 (dynamic)
Filesystem features:      has_journal ext_attr resize_inode dir_index filetype needs_recovery extent 64bit flex_bg sparse_super large_file huge_file dir_nlink extra_isize metadata_csum
Filesystem flags:         signed_directory_hash 
Default mount options:    user_xattr acl
Filesystem state:         clean
Errors behavior:          Continue
Filesystem OS type:       Linux
Inode count:              2547712
Block count:              10174208
Reserved block count:     508710
Overhead clusters:        237750
Free blocks:              6002515
Free inodes:              2299346
First block:              0
Block size:               4096
Fragment size:            4096
Group descriptor size:    64
Reserved GDT blocks:      1024
Blocks per group:         32768
Fragments per group:      32768
Inodes per group:         8192
Inode blocks per group:   512
Flex block group size:    16
Filesystem created:       Tue Jan  9 20:03:06 2024
Last mount time:          Mon Sep 30 19:50:44 2024
Last write time:          Tue Oct  1 01:20:43 2024
Mount count:              7
Maximum mount count:      -1
Last checked:             Thu Sep 26 18:12:46 2024
Check interval:           0 (<none>)
Lifetime writes:          98 GB
Reserved blocks uid:      0 (user root)
Reserved blocks gid:      0 (group root)
First inode:              11
Inode size:	          256
Required extra isize:     32
Desired extra isize:      32
Journal inode:            8
First orphan inode:       2228229
Default directory hash:   half_md4
Directory Hash Seed:      7efab8b9-813d-4057-9371-3495b44a70ce
Journal backup:           inode blocks
Checksum type:            crc32c
Checksum:                 0xdbbb152a
Journal features:         journal_incompat_revoke journal_64bit journal_checksum_v3
Total journal size:       256M
Total journal blocks:     65536
Max transaction length:   65536
Fast commit length:       0
Journal sequence:         0x00060bc8
Journal start:            1
Journal checksum type:    crc32c
Journal checksum:         0xbd8b6ebf


Group 0: (Blocks 0-32767) csum 0x4fe5 [ITABLE_ZEROED]
  Primary superblock at 0, Group descriptors at 1-5
  Reserved GDT blocks at 6-1029
  Block bitmap at 1030 (+1030), csum 0x8c520635
  Inode bitmap at 1046 (+1046), csum 0x3f9d835c
  Inode table at 1062-1573 (+1062)
  1874 free blocks, 8174 free inodes, 2 directories, 8173 unused inodes
  Free blocks: 10586-10597, 10600-10628, 10715-10750, 10994-10997, 11069-11077, 11124-11169, 11409-11439, 11775-11794, 11828-11834, 12134-12144, 12188-12228, 12248-12253, 12278-12294, 12557-12594, 12635-12638, 12671-12683, 12816-12861, 13010-13049, 13107-13124, 13187-13207, 13393, 13402-13404, 13415-13416, 13685-13686, 13694-13699, 15039-15041, 18978-18984, 18986-18987, 19048-19071, 19333-19359, 19728-20084, 20341-20586, 20699-20811, 22595-23226
  Free inodes: 18, 20-8192
Group 1: (Blocks 32768-65535) csum 0x1398 [INODE_UNINIT, ITABLE_ZEROED]
  Backup superblock at 32768, Group descriptors at 32769-32773
  Reserved GDT blocks at 32774-33797
  Block bitmap at 1031 (bg #0 + 1031), csum 0x89845dc0
  Inode bitmap at 1047 (bg #0 + 1047), csum 0x00000000
  Inode table at 1574-2085 (bg #0 + 1574)
  1746 free blocks, 8192 free inodes, 0 directories, 8192 unused inodes
  Free blocks: 35915, 36022-36031, 36060-36076, 36389-36391, 40625-40640, 40730-40732, 40783-40799, 40828-40829, 41010-41023, 41049-41058, 41133-41135, 41516-41526, 41583-41592, 45713-45717, 45812-45815, 48485-48492, 48494, 48880-48895, 49055-49058, 49082, 49084-49100, 49102, 49104-49113, 49148-49151, 50883-50889, 50989-51007, 51293-51304, 51357-51359, 51384-51385, 51388-51399, 51433-51437, 51732-51741, 51743-51759, 52641-52642, 52644, 52646-52660, 52662-52664, 52691-52699, 52729-52732, 52770-52784, 52897-52916, 57089-57097, 57124-57129, 57184-57194, 57424-57425, 57450-57456, 57540-57555, 57600-57604, 57798-57810, 57856-57873, 57910-57922, 57985-57988, 58029-58040, 58063-58075, 58163-58172, 58302-58318, 58389-58396, 58400-58402, 58442-58461, 58463, 58543-58556, 58739-58752, 58788-58805, 58904-59351, 59362-59717, 59720, 60622-60633, 60644, 60646-60700, 60702-60715, 60726-60730, 60732-60997, 61430-61439
  Free inodes: 8193-16384
Group 2: (Blocks 65536-98303) csum 0x269a [INODE_UNINIT, ITABLE_ZEROED]
  Block bitmap at 1032 (bg #0 + 1032), csum 0x7a26bbac
  Inode bitmap at 1048 (bg #0 + 1048), csum 0x00000000
  Inode table at 2086-2597 (bg #0 + 2086)
  3362 free blocks, 8192 free inodes, 0 directories, 8192 unused inodes
  Free blocks: 66925-66943, 70822-70823, 70950, 71015-71044, 71277, 75250-75264, 79699-79702, 79847-79874, 80036-80071, 80112-80127, 80279-80305, 80414-80448, 80489-80491, 80493-80502, 80633-80667, 80784-80787, 80791-80792, 80794, 81027-81044, 81046-81057, 81060-81067, 81070-81086, 81631-81664, 81666-81684, 81688-81689, 81692-81698, 81703-81717, 81720-81738, 81742-81776, 81817-82034, 86538-86550, 86552-86664, 86669-86813, 86815-87060, 87069-87550, 87552-87618, 90145-90394, 90398-90504, 90506-90529, 90623, 91136, 91138-91356, 91648-91822, 92669, 92671-92724, 92726, 92728-92741, 92752, 92754-92762, 92777, 94058-94084, 97051-97292, 97294-97628, 97754-97775, 97777-97791, 97842-97844, 97861-97863, 97938-97940, 97985-97986, 97995-98008, 98012-98022, 98027-98035, 98085-98093, 98107-98112, 98155-98160, 98175-98177, 98182-98210, 98225-98230, 98236-98238, 98255-98258, 98273-98280, 98287, 98300-98303
  Free inodes: 16385-24576
Group 3: (Blocks 98304-131071) csum 0xbc16 [INODE_UNINIT, ITABLE_ZEROED]
  Backup superblock at 98304, Group descriptors at 98305-98309
  Reserved GDT blocks at 98310-99333
  Block bitmap at 1033 (bg #0 + 1033), csum 0xfb678bdc
  Inode bitmap at 1049 (bg #0 + 1049), csum 0x00000000
  Inode table at 2598-3109 (bg #0 + 2598)
  10683 free blocks, 8192 free inodes, 0 directories, 8192 unused inodes
  Free blocks: 99375, 99384-99423, 99744-99839, 99848-99855, 99872-99883, 99885, 99910-99912, 99986-99988, 99992-99995, 99999-100080, 100085-100138, 100143-100278, 100281-100303, 100306-100331, 100336, 100341-100351, 103776-103786, 104120-104373, 104412, 104417-104564, 104681-104765, 104813-104858, 104938-105057, 107519-107728, 108684-109123, 109128-109151, 109182-109424, 109463-109530, 109532-109536, 109538-109597, 109600-109800, 109803-109813, 109823-109894, 109946-110316, 110319-110322, 110324-110494, 110497, 110499-110506, 110508-110510, 110512-110867, 110907-110996, 111039-111248, 111250-111514, 111780-112127, 112152-112174, 112178-112222, 112239-112240, 112257-112639, 114431-114623, 114635-114861, 114867, 114872-115199, 117220-117247, 117265-117431, 117435-117451, 117455-117460, 117468-117499, 117503, 117507-117511, 117515-117520, 117526-117561, 117567-117618, 117622-117653, 117655-117712, 117720-117722, 117726-117750, 117754-117824, 118652-118781, 121560-121891, 121894-121912, 121916-122024, 122028-122034, 122037-122052, 122054-122079, 122081-122082, 122086-122090, 122098-122164, 122169-122177, 122182-122186, 122191-122438, 122443-122489, 122493-122664, 122668-122700, 122705-122931, 122933-123013, 123018-123062, 123067-123077, 123081-123084, 123089-123092, 123100-123108, 123113-123415, 123420-123423, 123428-123475, 123480-123535, 124802-125003, 125010-125037, 125062, 125064, 125066-125068, 125178-125181, 125239-125245, 125267, 125395-125397, 125413-125418, 125439-125501, 125541-125546, 125573-125575, 125582-125641, 125752-125756, 125805-125807, 125809-125816, 125841-125842, 125902-125905, 125918-125919, 125929, 125933-125938, 125952-125955, 125957-125990, 125996-126000, 126010-126014, 126019-126029, 126037-126041, 126234-126238, 126240-126245, 126251-126292, 126295-126298, 126300-126313, 126324-126328, 126401-126404, 126408-126421, 126457-126461, 126510-126512, 126552-126554, 126581-126587, 126730-126732, 126739-126741, 126770-126772, 126794-126795, 126822-126830, 126906-126909, 126922-126923, 126973-126975, 126993-126995, 126998-127000, 127029-127034, 127046-127048, 127055-127057, 127063-127068, 127084-127086, 127108-127112, 127128-127134, 127150-127158, 127167-127234, 127236-127378, 127409-127415, 127418-127428, 127443-127461, 127465-127468, 127477-127479, 127486-127487, 127539-127542, 127564-127566, 127585-127591, 127716-127724, 127727-127734, 127736-127738, 127752-127919, 127924-127999, 128038-128045, 128051-128057, 128079-128084, 128120-128122, 128155-128157, 128267-128272, 128279-128283, 128344-128347, 128355-128511, 128565-128570, 128586-128591, 128657-128750, 128754-128774, 128884-128888, 128915-128928, 128936-128942, 128946-128958, 128967-128973, 128977-128978, 128986-128988, 128992-128997, 129021-129044, 129050-129062, 129225-129240, 129357-129364, 129528-129544, 129549-129554, 129586-129591, 129595-129604, 129610-129614, 129621-129623, 129635-129637, 129721-129724, 129745-129764, 129766-129773, 129783-129793, 129800-129827, 129830-129847, 129858-129863, 129867-129869, 129878-129885, 129892, 129903-129905, 129909-129911, 129944-129948, 129970-129972, 129980-129992, 129996-130010, 130014-130018, 130038-130039, 130045-130047, 130069-130071, 130076-130079, 130086-130087, 130094-130096, 130111-130147, 130150-130157, 130163-130168, 130179-130188, 130194-130196, 130200-130208, 130215-130217, 130227-130239, 130262-130263, 130267-130269, 130273-130275, 130286-130288, 130309-130562, 130566-130576, 130580-130632, 130636-130638, 130642-130646, 130656-130661, 130671-130676, 130724-130741, 130750-130760, 130765-130774, 130779-130794, 130799-130876, 130889, 130912-130918, 130922-130981, 130983-131043, 131048-131071
  Free inodes: 24577-32768
Group 4: (Blocks 131072-163839) csum 0x13fe [INODE_UNINIT, ITABLE_ZEROED]
  Block bitmap at 1034 (bg #0 + 1034), csum 0xf5ca5f1e
  Inode bitmap at 1050 (bg #0 + 1050), csum 0x00000000
  Inode table at 3110-3621 (bg #0 + 3110)
  4770 free blocks, 8192 free inodes, 0 directories, 8192 unused inodes
  Free blocks: 132391-132415, 132445-132461, 132463-132464, 132475-132479, 132555-132575, 132600-132607, 132914-132927, 132972-132991, 133429-133439, 133482-133503, 133620-133631, 134015, 134098-134111, 134184-134207, 134234-134239, 134263-134271, 134310-134463, 134502-134527, 134605-134623, 134853-134879, 134903-134911, 135053-135071, 135167, 137216-137599, 137727, 138075-138079, 138104-138239, 139415-139423, 139489-139519, 139650-139679, 139700-139711, 139757-139775, 140062-140063, 140082-140095, 140155-140159, 140277-140287, 140759-140927, 141000-141023, 141044-141055, 141087, 141108-141119, 141158-141311, 141503, 141560-141823, 142024-142047, 142066-142281, 144377-144656, 150898-151039, 151862-152063, 152741-153096, 153100-153102, 153108-153110, 153112-153114, 153118-153120, 153122-153124, 153130-153132, 153136-153138, 153142-153144, 153152-153154, 153163-153165, 153169-153171, 153178-153188, 153195-153197, 153199-153220, 153223-153233, 153235-153237, 153240-153245, 153249-153251, 153255-153257, 153268-153276, 153279-153300, 153302-153304, 153317-153319, 153325-153342, 153344-153349, 153356-153358, 153362-153364, 153368-153370, 153375-153385, 153393-153402, 153406-153424, 153428-153433, 153437-153442, 153760-154111, 154124-154141, 154144-154629, 162201-162369, 162371, 162375-162385, 162387-162408, 162410-162411, 162414, 162425-162815, 162923-162925, 162930-162932, 162936-162946, 162950-162952, 162958-162967, 162984-162995, 163001-163003, 163025-163027, 163034-163036, 163038-163040, 163053-163058, 163061-163063, 163067-163081, 163087-163089, 163095-163105, 163107-163116, 163119-163123, 163242-163247, 163586-163587, 163798-163800
  Free inodes: 32769-40960
Group 5: (Blocks 163840-196607) csum 0xfce4 [INODE_UNINIT, ITABLE_ZEROED]
  Backup superblock at 163840, Group descriptors at 163841-163845
  Reserved GDT blocks at 163846-164869
  Block bitmap at 1035 (bg #0 + 1035), csum 0x780d17ae
  Inode bitmap at 1051 (bg #0 + 1051), csum 0x00000000
  Inode table at 3622-4133 (bg #0 + 3622)
  7090 free blocks, 8192 free inodes, 0 directories, 8192 unused inodes
  Free blocks: 164870-164991, 165094-165148, 165326-165375, 165603-165631, 165653-165663, 165687-165695, 165718-165727, 165749-165759, 165781-165791, 165812-165823, 165842-165855, 165879-165887, 167994-168447, 169948-169950, 171520-171967, 172027-172031, 173568-173759, 173811-173823, 173853-173855, 173882-173887, 173905-173919, 173947-173951, 174033-174047, 174078-174495, 174514-174527, 174545-174559, 174591-174911, 174932-174943, 174964-174975, 174994-175007, 175037-175039, 175057-175071, 175091-175103, 175108-175113, 175118-175119, 175122-175159, 175165, 175167-175170, 175185, 175187-175188, 175190-175193, 175207, 175209-175210, 175226-175230, 175232-175233, 175235-175238, 175355-175357, 175361, 175363, 175404, 175406-175407, 175436, 175440, 175443-175445, 175449, 175451-175454, 175456-175459, 175482, 175484-175485, 175495-175498, 175502, 175504-175505, 175511-175516, 175518-175521, 175523-175530, 175614-175999, 176057-176063, 176082-176095, 176120-176127, 176268-176287, 176316-176319, 176353-176383, 176415, 176435-176447, 176470-176479, 176502-176511, 176529-176543, 176565-176575, 176606-176607, 176626-176639, 176819-176831, 176865-176895, 176936-176959, 176989-176991, 177013-177023, 177044-177055, 177077-177087, 177105-177119, 177147-177151, 177284-177311, 177329-177343, 177380-177407, 177436-177439, 177469-177471, 177490-177503, 177535, 177623-177631, 177658-177663, 177823, 177851-177855, 177914-177919, 177956-177983, 178034-178047, 178147-178527, 178551-178559, 178679-178687, 179141-179167, 179192-179551, 179617-179647, 179671-179679, 179701-179711, 180082-180095, 180186-180191, 180209-180223, 180595-180607, 180701-180735, 181173-181183, 181217-181247, 182510-182527, 182725-182847, 182888-182911, 182988-183039, 183110-183167, 183237-183295, 185107-185151, 185185-185215, 185328-185343, 187166-187391, 187904-188159, 188239-188287, 188390-188415, 188516-188543, 188646-188671, 188773-188799, 188891-188927, 189020-189055, 189148-189183, 189281-189311, 189361-189439, 191302-191359, 191454-191487, 191887-191935, 191973-191999, 192135-192255, 192400-192511, 192666-192767, 192966-193023, 193120-193151, 193239-193279, 193373-193407, 193484-193535, 193704-193791, 193869-193919, 194013-194047, 194141-194175, 194260-194303, 194440-194559, 194646-194687, 194785-194815, 194916-194943, 195063-195071, 195264-195327, 195529-195583, 195677-195711, 195812-195839, 195923-195967, 196060-196095, 196208-196223, 196318-196351, 196574-196607
  Free inodes: 40961-49152
Group 6: (Blocks 196608-229375) csum 0xc3a5 [INODE_UNINIT, ITABLE_ZEROED]
  Block bitmap at 1036 (bg #0 + 1036), csum 0x4b28a665
  Inode bitmap at 1052 (bg #0 + 1052), csum 0x00000000
  Inode table at 4134-4645 (bg #0 + 4134)
  0 free blocks, 8192 free inodes, 0 directories, 8192 unused inodes
  Free blocks: 
  Free inodes: 49153-57344
Group 7: (Blocks 229376-262143) csum 0xcd39 [INODE_UNINIT, ITABLE_ZEROED]
  Backup superblock at 229376, Group descriptors at 229377-229381
  Reserved GDT blocks at 229382-230405
  Block bitmap at 1037 (bg #0 + 1037), csum 0x0ee87073
  Inode bitmap at 1053 (bg #0 + 1053), csum 0x00000000
  Inode table at 4646-5157 (bg #0 + 4646)
  2935 free blocks, 8192 free inodes, 0 directories, 8192 unused inodes
  Free blocks: 230406-230431, 230456-230463, 230504-230527, 230563-230591, 230625-230655, 230778-230783, 230817-230847, 230881-230911, 230985-231007, 231032-231039, 231133-231135, 231158-231167, 231201-231231, 231268-231295, 231329-231359, 231415-231423, 236445-236447, 236474-236479, 236520-236543, 237374-237375, 237417-237439, 237558-237567, 238325-238335, 238427-238431, 238449-238463, 238526-238527, 238569-238591, 238827-238847, 238931-238943, 238968-238975, 239019-239039, 239083-239103, 239459-239487, 239583, 239602-239615, 240971-240991, 241011-241023, 241136-241151, 241240-241247, 241268-241279, 241313-241343, 241404-241407, 241485-241503, 241521-241535, 241629-241631, 241651-241663, 242133-242143, 242165-242175, 242215-242239, 242269-242271, 242295-242303, 242405-242431, 242465-242495, 242538-242559, 242579-242591, 242611-242623, 242657-242687, 242799-242815, 242842-242847, 242875-242879, 242913-242943, 243114-243135, 243154-243167, 243192-243199, 243227-243231, 243250-243263, 243300-243327, 243361-243391, 243410-243423, 243442-243455, 243607-243615, 243634-243647, 243688-243711, 243978-243999, 244029-244031, 244050-244063, 244085-244095, 244189-244191, 244210-244223, 244645-244671, 244705-244735, 244879-244895, 244925-244927, 244979-244991, 245118-245119, 245160-245183, 245219-245247, 245346-245375, 245411-245439, 245487-245503, 245694-245695, 245750-245759, 252005-252031, 252133-252159, 252215-252223, 252275-252287, 252329-252351, 252370-252383, 252402-252415, 253069-253183, 253233-253247, 253273-253279, 253301-253311, 253439, 254396-254399, 254454-254463, 254975, 255334-255359, 255472-255487, 256037-256063, 256116-256127, 256240-256255, 256397-256511, 256968-256991, 257013-257023, 257151, 257156-257157, 257159-257162, 257168-257170, 257457-257463, 257648-257663, 257726-257727, 257745-257759, 257781-257791, 257861-257887, 257910-257919, 257944-257951, 257976-257983, 258021-258047, 258085-258111, 258158-258175, 258229-258239, 258259-258271, 258289-258303, 258328-258335, 258358-258367, 258413-258431, 258450-258463, 258493-258495, 258531-258559, 259091-259103, 259123-259135, 259170-259199, 259244-259263, 259283-259295, 259315-259327, 259347-259359, 259382-259391, 259410-259423, 259442-259455, 259477-259487, 259516-259519, 259539-259551, 259572-259583, 260116-260127, 260152-260159, 260178-260191, 260212-260223, 260241-260255, 260276-260287, 260350-260351, 260425-260447, 260469-260479, 260589-260607, 260737-260767, 260791-260799, 260841-260863, 260897-260927, 260977-260991, 261046-261055, 261113-261119, 261489-261503, 261590-261599, 261623-261631, 261710-261727, 261752-261759, 261807-261823, 261879-261887, 261966-262015, 262127-262143
  Free inodes: 57345-65536
Group 8: (Blocks 262144-294911) csum 0xd24c [INODE_UNINIT, ITABLE_ZEROED]
  Block bitmap at 1038 (bg #0 + 1038), csum 0xba4e54b0
  Inode bitmap at 1054 (bg #0 + 1054), csum 0x00000000
  Inode table at 5158-5669 (bg #0 + 5158)
  2553 free blocks, 8192 free inodes, 0 directories, 8192 unused inodes
  Free blocks: 263559, 263565-263566, 263570, 263572, 263575, 263577, 265014-265015, 265019, 265021, 265023-265024, 265027, 265030, 265035-265036, 265039, 265041, 265048, 265065-265066, 265073, 265076, 265100-265101, 265103-265104, 265207, 265304-265306, 265324-265325, 265329, 265331, 265340-265342, 265344-265345, 265349, 265351, 265360-265361, 265365, 265367, 265383-265384, 265388, 265390, 265395-265398, 265400-265401, 265410-265411, 266033-266047, 266070-266079, 266101-266111, 266131-266143, 266172-266175, 266194-266207, 266237-266239, 267806-267807, 267825-267839, 267866-267871, 267890-267903, 267924-267935, 267960-267967, 268006-268031, 268054-268063, 268085-268095, 268130-268159, 268186-268191, 268210-268223, 268241-268255, 268277-268287, 271413-271423, 271459-271487, 271512-271519, 271537-271551, 271569-271583, 271611-271615, 271657-271679, 271703-271711, 271733-271743, 271783-271807, 271867-271871, 273443-273471, 273525-273535, 273555-273567, 273599, 273646-273663, 273684-273695, 273726-273727, 273748-273759, 273790-273791, 273819-273823, 273851-273855, 273902-273919, 273990-274015, 274036-274047, 274094-274111, 274154-274175, 274246-274271, 274299-274303, 274376-274399, 274427-274431, 274543-274559, 274606-274623, 274670-274687, 274758-274783, 274801-274815, 274886-274911, 274932-274943, 274981-275007, 275170-275199, 275230-275231, 275252-275263, 275284-275295, 275321-275327, 275371-275391, 275430-275455, 276034-276063, 276089-276095, 276119-276127, 276147-276159, 276199-276223, 276283-276287, 276311-276319, 276346-276351, 276391-276415, 276475-276479, 276531-276543, 276572-276575, 276593-276607, 276685-276703, 276721-276735, 276838-276863, 277033-277055, 277085-277087, 277111-277119, 277164-277183, 277219-277247, 277265-277279, 277299-277311, 277333-277343, 277362-277375, 277423-277439, 277477-277503, 279709-279711, 279730-279743, 279800-279807, 279987-279999, 280018-280031, 280052-280063, 280542-280543, 280570-280575, 282130-282143, 282168-282175, 282215-282239, 282262-282271, 282290-282303, 282323-282335, 282357-282367, 282563-282591, 282612-282623, 286269-286271, 286330-286335, 286403-286431, 286455-286463, 286599-286623, 286643-286655, 286674-286687, 286712-286719, 286789-286815, 286835-286847, 286925-286943, 286962-286975, 286999-287007, 287028-287039, 287099-287103, 287124-287135, 287160-287167, 287185-287199, 287221-287231, 290335, 290354-290367, 290403-290431, 290471-290495, 290520-290527, 290552-290559, 290595-290623, 290679-290687, 290713-290719, 290739-290751, 290780-290783, 290803-290815, 291386-291391, 291414-291423, 291442-291455, 291477-291487, 291508-291519, 291545-291551, 291569-291583, 291637-291647, 291690-291711, 291762-291775, 291833-291839, 292374-292383, 292410-292415, 292442-292447, 292465-292479, 292501-292511, 292533-292543, 292575, 292595-292607, 292629-292639, 292661-292671, 292713-292735, 292802-292831, 292862-292863, 293474-293503, 293527-293535, 293554-293567, 293613-293631, 293705-293727, 293756-293759, 293869-293887, 294441-294463, 294494-294495, 294520-294527, 294576-294591, 294641-294655, 294728-294751, 294769-294783, 294867-294879, 294899-294911
  Free inodes: 65537-73728
Group 9: (Blocks 294912-327679) csum 0x5aaa [INODE_UNINIT, ITABLE_ZEROED]
  Backup superblock at 294912, Group descriptors at 294913-294917
  Reserved GDT blocks at 294918-295941
  Block bitmap at 1039 (bg #0 + 1039), csum 0xc21a3d93
  Inode bitmap at 1055 (bg #0 + 1055), csum 0x00000000
  Inode table at 5670-6181 (bg #0 + 5670)
  1719 free blocks, 8192 free inodes, 0 directories, 8192 unused inodes
  Free blocks: 295942-295967, 295991-295999, 296048-296063, 296145-296159, 296177-296191, 296233-296255, 296290-296319, 296342-296351, 296372-296383, 296420-296447, 297252-297279, 297308-297311, 297335-297343, 297466-297471, 297979-297980, 298003-298015, 298033-298047, 298065-298079, 298097-298111, 298133-298143, 298172-298175, 298194-298207, 298226-298239, 298281-298303, 298334-298335, 298367, 298386-298399, 298423-298431, 298486-298495, 300385-300415, 300437-300447, 300476-300479, 300538-300543, 302622-302623, 302641-302655, 302703-302719, 302759-302783, 302826-302847, 302866-302879, 302906-302911, 302962-302975, 303012-303039, 303088-303103, 305827-305855, 305909-305919, 305943-305951, 305970-305983, 306038-306047, 306128-306143, 306164-306175, 306510-306527, 306550-306559, 306577-306591, 306610-306623, 306643-306655, 306680-306687, 307257-307263, 307305-307327, 307376-307391, 307441-307455, 307657-307679, 307701-307711, 308690, 308694-308695, 308725, 308727-308728, 308730, 308734-308735, 308838-308839, 308866-308867, 308887-308888, 308892, 308894, 308899-308900, 308905, 308907, 309241-309244, 309246, 309749-309759, 309894-309919, 309937-310015, 310114-310271, 310378, 310396, 310418-310421, 310423-310424, 310428, 310433, 310452-310453, 310455-310456, 310459, 310466-310467, 310471-310472, 310488-310489, 310493, 310503, 310505-310506, 310509-310510, 310702-310703, 310707, 310709, 310712-310713, 310715-310718, 310721-310722, 310769, 310773-310774, 310798-310799, 310803-310804, 310808-310809, 310813, 310823, 310825-310826, 310828-310829, 310847-310848, 310850-310851, 310859-310860, 311166, 311250-311251, 311255-311256, 311285-311286, 311290-311292, 313082-313087, 313236-313343, 322266-322559, 322566-322567, 322571, 322580-322581, 322585, 322602, 322611-322612, 322621, 322623-322626, 322630-322631, 322644-322645, 322649, 322667-322668, 322679, 322682-322683, 322699, 322703-322704, 322734, 322998, 323002-323003, 323042-323043, 323046, 323070-323071, 323127-323128, 323132, 323153-323154, 323158-323159, 323176-323177, 323180-323181, 323185, 323196-323197, 323201-323204, 323211-323212, 323532-323534, 323538-323541
  Free inodes: 73729-81920
Group 10: (Blocks 327680-360447) csum 0xce82 [INODE_UNINIT, ITABLE_ZEROED]
  Block bitmap at 1040 (bg #0 + 1040), csum 0x75190045
  Inode bitmap at 1056 (bg #0 + 1056), csum 0x00000000
  Inode table at 6182-6693 (bg #0 + 6182)
  2739 free blocks, 8192 free inodes, 0 directories, 8192 unused inodes
  Free blocks: 337838-337855, 337878-337887, 337915-337919, 338038-338047, 338081-338111, 338156-338175, 338395-338399, 338421-338431, 338505-338527, 338554-338559, 338582-338591, 338609-338623, 338641-338655, 338675-338687, 338875-338879, 338913-338943, 339377-339391, 339425-339455, 339475-339487, 339505-339519, 339582-339583, 339665-339679, 339697-339711, 339884-339903, 339966-339967, 340125-340127, 340145-340159, 340218-340223, 340379-340383, 340408-340415, 340461-340479, 340665-340671, 340715-340735, 340820-340831, 340860-340863, 340951-340959, 340985-340991, 341077-341087, 341205-341215, 341236-341247, 341341-341343, 341366-341375, 341486-341503, 341547-341567, 341615-341631, 341668-341695, 341758-341759, 341948-341951, 341986-342015, 342031-342032, 342036-342037, 342049-342050, 342125, 342127, 342131-342132, 342170-342171, 342174-342175, 342594-342595, 342599-342600, 342630-342631, 343171-343199, 343224-343231, 343280-343295, 343450-343455, 343478-343487, 343522-343551, 343966-343967, 343990-343999, 344051-344063, 345919-345920, 345923-345924, 346187-346207, 346231-346239, 346277-346303, 346343-346367, 346571-346591, 346614-346623, 346670-346687, 346728-346751, 346825-346847, 346865-346879, 346914-346943, 347036-347039, 347060-347071, 347094-347103, 347128-347135, 347211-347231, 347256-347263, 347310-347327, 347378-347391, 347463-347487, 347505-347519, 347595-347615, 347643-347647, 348209-348223, 348268-348287, 348381-348383, 348401-348415, 348488-348511, 348543, 348635-348639, 348670-348671, 348818-348831, 348854-348863, 348925-348927, 349010-349023, 349054-349055, 349101-349119, 349170-349183, 349661-349663, 349685-349695, 350262-350271, 350320-350335, 350406-350431, 350458-350463, 350609-350623, 350643-350655, 350696-350719, 350889-350911, 350962-350975, 351105-351135, 351154-351167, 351229-351231, 351619-351647, 351666-351679, 351716-351743, 352497-352511, 352537-352543, 352562-352575, 352611-352639, 352709-352735, 352755-352767, 353304-353311, 353340-353343, 353390-353407, 353460-353471, 353522-353535, 353575-353599, 353652-353663, 353683-353695, 353717-353727, 353774-353791, 353858-353887, 353905-353919, 353954-353983, 354046-354047, 354177-354207, 354237-354239, 354300-354303, 355692-355711, 355755-355775, 355832-355839, 355928-355935, 355963-355967, 356004-356031, 356065-356095, 356176-356191, 356219-356223, 356330-356351, 356408-356415, 356445-356447, 356475-356479, 356550-356575, 356599-356607, 356755-356767, 356787-356799, 356845-356863, 357023, 357045-357055, 357096-357119, 357346-357375, 357413-357439, 357484-357503, 357548-357567, 357612-357631, 357676-357695, 357740-357759, 357803-357823, 357868-357887, 357932-357951, 357996-358015, 358106-358111, 358134-358143, 358282-358303, 358322-358335, 358355-358367, 358385-358399, 358498-358527, 358575-358591, 358629-358655, 358866-358879, 358898-358911, 359258-359263, 359282-359295, 359411-359423, 359915-359935, 360441-360442
  Free inodes: 81921-90112
Group 11: (Blocks 360448-393215) csum 0x208f [INODE_UNINIT, ITABLE_ZEROED]
  Block bitmap at 1041 (bg #0 + 1041), csum 0xcf0ae33e
  Inode bitmap at 1057 (bg #0 + 1057), csum 0x00000000
  Inode table at 6694-7205 (bg #0 + 6694)
  4560 free blocks, 8192 free inodes, 0 directories, 8192 unused inodes
  Free blocks: 360759-360767, 360818-360831, 360868-360895, 360916-360927, 360947-360959, 361003-361023, 361066-361087, 361165-361183, 361204-361215, 361284-361311, 361341-361343, 361406-361407, 361470-361471, 361541-361567, 361586-361599, 361686-361695, 361719-361727, 361793-361823, 361842-361855, 361892-361919, 361957-361983, 362063-362079, 362109-362111, 362149-362175, 362223-362239, 362288-362303, 362354-362367, 362431, 362477-362495, 362640-362655, 362674-362687, 362733-362751, 362888-362911, 362940-362943, 362967-362975, 362995-363007, 363095-363103, 363125-363135, 363247-363263, 363406-363423, 363452-363455, 363502-363519, 363822-363839, 363882-363903, 364106-364127, 364145-364159, 364243-364255, 364286-364287, 364493-364511, 364532-364543, 364558, 364562-364563, 364567-364568, 364716-364717, 364728-364730, 364803-364804, 364808-364809, 364829-364830, 364834-364835, 364875-364876, 364880, 364882-364883, 364887-364888, 365201, 365567-365951, 366046-366047, 366067-366079, 366338-366367, 366385-366399, 366461-366463, 366556-366559, 366583-366591, 368272-368287, 368309-368319, 368353-368383, 368589-368607, 368632-368639, 370584-370591, 370669-370687, 371097-371103, 371125-371135, 371190-371199, 371668-371679, 371706-371711, 372065-372095, 372203-372223, 372606-372607, 372663-372671, 372717-372735, 373029-373055, 373109-373119, 373212-373215, 373238-373247, 373738-373759, 374026-374047, 374075-374079, 374127-374143, 374217-374239, 374268-374271, 374425-374431, 374451-374463, 374521-374527, 374673-374687, 374716-374719, 374761-374783, 374827-374847, 374893-374911, 374978-375007, 375031-375039, 375100-375103, 375137-375167, 375287-375295, 375742-375743, 375777-375807, 375838-375839, 375858-375871, 375889-375903, 375928-375935, 376033-376063, 376205-376223, 376251-376255, 376297-376319, 376346-376351, 376380-376383, 376412-376415, 376436-376447, 376479, 376501-376511, 376562-376575, 376761-376767, 376802-376831, 377224-377225, 377229-377242, 377258-377259, 377264-377267, 377386-377407, 377443-377471, 377489-377503, 377532-377535, 377594-377599, 377649-377663, 377684-377695, 377726-377727, 377769-377791, 377811-377823, 377843-377855, 377859-377860, 377946-377947, 378050, 378056-378057, 378305-378306, 378310-378311, 378314, 378317, 378321-378322, 378333-378334, 378338, 378350-378351, 378406-378407, 378411-378413, 378417, 378436, 378521, 378533-378534, 378536, 378554-378555, 378559-378561, 378563-378564, 378571-378572, 378681-378685, 378687-378688, 378833-378834, 378841, 378843-378844, 378846-378855, 378857-378879, 378975-378976, 378979-378980, 379313-379314, 379318-379320, 381243-381244, 381260, 381293-381294, 381304, 381562-381567, 381593-381599, 381620-381631, 381669-381695, 381736-381759, 381777-381791, 381819-381823, 381937-381951, 382249-382250, 382254-382255, 382273, 382275-382277, 383002-383003, 383007-383008, 383024-383025, 383029-383030, 383074-383075, 383482-383487, 383923-383935, 383959-383967, 383992-383999, 384316-384319, 384358-384383, 384463-384479, 384783-384799, 384826-384831, 384875-384895, 384917-384927, 384952-384959, 384978-384991, 385010-385023, 385626-385631, 385651-385663, 385697-385727, 385768-385791, 386015, 386034-386047, 386234, 386558-386559, 386588-386591, 386612-386623, 386650-386655, 386681-386687, 386756-386783, 386802-386815, 386852-386879, 386910-386911, 386934-386943, 386963-386975, 386995-387007, 387039, 387060-387071, 387580-387583, 387937-387938, 387952-387953, 387958-387959, 388018-388019, 388023, 388027-388028, 388031-388032, 388036-388037, 388044-388045, 388113-388127, 388152-388159, 388179-388191, 388216-388223, 388248-388255, 388281-388287, 388346-388351, 388371-388383, 388402-388415, 388433-388447, 388469-388479, 388497-388511, 388535-388543, 388566-388575, 388596-388607, 388628-388639, 388666-388671, 388724-388735, 388787-388799, 388823-388831, 388854-388863, 388897-388927, 388955-388959, 388990-388991, 389025-389055, 389090-389119, 389189-389190, 389194-389195, 389280-389281, 389283, 389382-389383, 389385-389386, 389414, 389625-389631, 389794-389795, 389861, 389863-389872, 389874-389933, 389935-389942, 389949-390143, 390182-390207, 390246-390271, 390308-390335, 390375-390399, 390438-390463, 390502-390527, 390565-390591, 390629-390655, 390687, 390716-390719, 390757-390783, 390821-390847, 390886-390911, 390948-390975, 391014-391039, 391075-391103, 391141-391167, 391197-391199, 391222-391231, 391253-391263, 391282-391295, 391376-391391, 391409-391423, 391465-391487, 391544-391551, 391592-391615, 391657-391679, 391730-391743, 391787-391807, 391853-391871, 391925-391935, 391977-391999, 392037-392063, 392108-392127, 392169-392191, 392239-392255, 392290-392319, 392357-392383, 392424-392447, 392488-392511, 392575, 392615-392639, 392678-392703, 392754-392767, 392816-392831, 392872-392895, 392947-392959, 393010-393023, 393072-393087, 393127-393151, 393186-393215
  Free inodes: 90113-98304
Group 12: (Blocks 393216-425983) csum 0x8bcc [INODE_UNINIT, ITABLE_ZEROED]
  Block bitmap at 1042 (bg #0 + 1042), csum 0x38f7e750
  Inode bitmap at 1058 (bg #0 + 1058), csum 0x00000000
  Inode table at 7206-7717 (bg #0 + 7206)
  6570 free blocks, 8192 free inodes, 0 directories, 8192 unused inodes
  Free blocks: 393827, 393993, 394012-394017, 394019-394047, 394065-394090, 394092-394111, 394133-394152, 394281-394309, 394311-394335, 394353-394377, 394381-394412, 394501-394527, 394545-394559, 394623, 394744-394751, 395076-395089, 395264-395300, 395334-395337, 395343-395455, 395497-395519, 395561-395603, 395776-395903, 395974-395999, 396017-396031, 396089-396095, 396126-396381, 396670-396671, 396773-396799, 398723-398725, 399349-399455, 399474-399500, 399802-399807, 399867-399871, 400680-400786, 400896-401215, 401243-401264, 402071, 402124-402162, 402941-402943, 403760-403903, 403931-403935, 404405-404479, 404988-404991, 405491-405501, 405503, 405939-406018, 406020-406021, 406041-406042, 406044, 406074-406075, 406105-406106, 406136-406137, 406139-406140, 406226-406227, 406229-406230, 406232-406272, 406286-406365, 406369-406494, 406496-406505, 406507-406513, 406524-406527, 406638, 406640-406641, 406643-406644, 406663-406664, 406666-406667, 406730-406731, 406733-406734, 406747-406748, 406750-406751, 406764-406767, 406785-406786, 406788-406789, 406793-406794, 406940-406966, 406968-406969, 406971-407002, 407032-407039, 407065-407137, 407218-407219, 407236-407239, 407254-407256, 407311-407324, 407326-407344, 407351-407369, 407389-407398, 407408-407412, 407422-407426, 407505-407537, 407550-407551, 407675-407676, 407681-407682, 407684-407685, 407731-407732, 407736, 407738, 407741-407742, 407751-407752, 407941-407943, 407945-407946, 407964-407965, 407968-407969, 408102-408319, 408502-408594, 408975-409087, 411700-411739, 411794-411807, 411828-411862, 411864, 411866, 412030-412103, 412544-412671, 413845-413855, 413875-413951, 414158-414175, 414196-414207, 414769-414975, 415144-415231, 415791-415999, 416211-416255, 416860-417279, 417888-418303, 418866-419327, 419888-420351, 420921-421375, 425016-425471
  Free inodes: 98305-106496
Group 13: (Blocks 425984-458751) csum 0xab9c [INODE_UNINIT, ITABLE_ZEROED]
  Block bitmap at 1043 (bg #0 + 1043), csum 0x535ce5d8
  Inode bitmap at 1059 (bg #0 + 1059), csum 0x00000000
  Inode table at 7718-8229 (bg #0 + 7718)
  6023 free blocks, 8192 free inodes, 0 directories, 8192 unused inodes
  Free blocks: 426110-426111, 426164-426175, 426206-426207, 426236-426239, 426262-426271, 426295-426303, 426347-426367, 426402-426431, 426466-426495, 427132-427135, 427158-427167, 427189-427199, 427220-427231, 427249-427263, 427497-427519, 428079-428095, 428117-428127, 428149-428159, 428228-428255, 428387-428543, 429101-429119, 429183, 429202-429215, 429233-429247, 429297-429567, 430000-430015, 430054-430079, 430874-430879, 430903-430911, 430960-431103, 431803-432127, 432815-433151, 433845-434175, 434874-435199, 436165-436191, 436209-436223, 437140-437151, 437177-437247, 437988-438271, 439305-439327, 439346-439807, 440498-440831, 441757-441759, 441780-441855, 442782-442879, 443569-443903, 444637-444927, 445894-445951, 446870-446975, 447950-447999, 448912-449023, 449939-450047, 450781-451071, 451584-451854, 451858-451887, 451901-452316, 452320-452607, 453119, 454655
  Free inodes: 106497-114688
Group 14: (Blocks 458752-491519) csum 0x746b [INODE_UNINIT, ITABLE_ZEROED]
  Block bitmap at 1044 (bg #0 + 1044), csum 0x70257294
  Inode bitmap at 1060 (bg #0 + 1060), csum 0x00000000
  Inode table at 8230-8741 (bg #0 + 8230)
  19925 free blocks, 8192 free inodes, 0 directories, 8192 unused inodes
  Free blocks: 471595-491519
  Free inodes: 114689-122880
Group 15: (Blocks 491520-524287) csum 0xa062 [INODE_UNINIT, BLOCK_UNINIT, ITABLE_ZEROED]
  Block bitmap at 1045 (bg #0 + 1045), csum 0xf61019ff
  Inode bitmap at 1061 (bg #0 + 1061), csum 0x00000000
  Inode table at 8742-9253 (bg #0 + 8742)
  32768 free blocks, 8192 free inodes, 0 directories, 8192 unused inodes
  Free blocks: 491520-524287
  Free inodes: 122881-131072
Group 16: (Blocks 524288-557055) csum 0x2417 [ITABLE_ZEROED]
  Block bitmap at 524288 (+0), csum 0x1eeced3f
  Inode bitmap at 524304 (+16), csum 0x9a71401e
  Inode table at 524320-524831 (+32)
  2757 free blocks, 8191 free inodes, 1 directories, 8191 unused inodes
  Free blocks: 532513-532735, 532764-532822, 532827-532854, 532881-532889, 532924-532947, 532974-532989, 533000-533027, 533050-533056, 533145-533202, 533293-533458, 533913-533984, 533995-534055, 534367-534371, 534425-534571, 534608-534680, 549830-549833, 549871-549875, 549969-549972, 550031-550039, 550074-550082, 550097-550108, 550166-550194, 553124-553128, 553486-554863, 555511-555710, 556875-556985, 557041-557055
  Free inodes: 131074-139264
Group 17: (Blocks 557056-589823) csum 0x55ed [INODE_UNINIT, ITABLE_ZEROED]
  Block bitmap at 524289 (bg #16 + 1), csum 0x322083de
  Inode bitmap at 524305 (bg #16 + 17), csum 0x00000000
  Inode table at 524832-525343 (bg #16 + 544)
  17309 free blocks, 8192 free inodes, 0 directories, 8192 unused inodes
  Free blocks: 561248-561667, 561687-561797, 561800-562175, 562551-563199, 573119-573311, 573351-573359, 573364-588523, 589433-589823
  Free inodes: 139265-147456
Group 18: (Blocks 589824-622591) csum 0x445e [INODE_UNINIT, ITABLE_ZEROED]
  Block bitmap at 524290 (bg #16 + 2), csum 0x2a6335df
  Inode bitmap at 524306 (bg #16 + 18), csum 0x00000000
  Inode table at 525344-525855 (bg #16 + 1056)
  13378 free blocks, 8192 free inodes, 0 directories, 8192 unused inodes
  Free blocks: 591024-591087, 591092-591359, 591440-591454, 591556-591558, 591607-591684, 591729-591731, 591766-591774, 591781-591782, 591785-591787, 591800-591801, 591803-591813, 591842, 591854-591871, 592764-592895, 595742-596001, 596674-606207, 607543-607604, 610182-612523, 613802-614369, 614397-614399
  Free inodes: 147457-155648
Group 19: (Blocks 622592-655359) csum 0x408e [INODE_UNINIT, ITABLE_ZEROED]
  Block bitmap at 524291 (bg #16 + 3), csum 0x0a638b37
  Inode bitmap at 524307 (bg #16 + 19), csum 0x00000000
  Inode table at 525856-526367 (bg #16 + 1568)
  25691 free blocks, 8192 free inodes, 0 directories, 8192 unused inodes
  Free blocks: 623728-623743, 623819-623871, 623896-623904, 623918-623935, 623973-624127, 624851-625013, 625647-625663, 625667, 625669-625679, 625681, 625684-625688, 626465-626560, 626587-626666, 626710-626739, 626756-626783, 626863-626882, 626946-626975, 626997-627007, 627050-627071, 627111-627135, 627169-627199, 627241-627263, 627284-627295, 627327, 627365-627391, 627422-627423, 627454-627455, 627486-627487, 627516-627519, 627559-628479, 628512-628735, 629284-629343, 629375, 629400-629407, 629430-629439, 629470-629471, 629501-629503, 629524-629535, 629567, 629599, 629630-629631, 629661-629663, 629693-629695, 629727, 629759-629774, 629779-629780, 629782-629785, 629787-629788, 629876, 629878-629879, 629903-629904, 629906-629907, 629917-629920, 629937-629938, 629944, 629946-629949, 629951-629954, 629958, 629960, 629981-629984, 630148-630149, 630152-630153, 630222-630223, 630230, 630252-630253, 630255-630256, 630272-630655, 630693-630719, 630760-630783, 630808-630815, 630867-630879, 630900-630911, 630955-630975, 630999-631295, 631881-631935, 631972-632319, 632694-633343, 633718-655359
  Free inodes: 155649-163840
Group 20: (Blocks 655360-688127) csum 0xfad3 [INODE_UNINIT, ITABLE_ZEROED]
  Block bitmap at 524292 (bg #16 + 4), csum 0x7cadca34
  Inode bitmap at 524308 (bg #16 + 20), csum 0x00000000
  Inode table at 526368-526879 (bg #16 + 2080)
  2895 free blocks, 8192 free inodes, 0 directories, 8192 unused inodes
  Free blocks: 664979-664991, 665017-665023, 665082-665087, 665522-665535, 665554-665567, 665588-665599, 673299-673311, 673330-673343, 673391-673407, 673473-673503, 673529-673535, 673705-673727, 673767-673791, 673959-673983, 674214-674239, 674276-674303, 674433-674463, 674490-674495, 674557-674559, 674764-674783, 674801-675231, 675249-675263, 675297-675327, 675484-675487, 675509-675519, 675538-675551, 675582-675583, 675601-675615, 675641-675647, 675674-675679, 675705-675711, 675823-675839, 677218-677247, 677289-677311, 677366-677375, 677576-677599, 677626-677631, 677858-677887, 681569-681599, 681627-681631, 681651-681663, 681704-681727, 681751-681759, 681782-681791, 681828-681855, 681874-681887, 681913-681919, 681974-681983, 682382-682399, 682422-682431, 682480-682495, 682588-682591, 682621-682623, 682710-682719, 682740-682751, 682793-682815, 682857-682879, 682900-682911, 682930-682943, 682984-683007, 683048-683071, 683106-683135, 683175-683199, 683245-683263, 683325-683327, 683349-683359, 683378-683391, 683448-683455, 683489-683519, 683558-683583, 683626-683647, 683665-683679, 683699-683711, 683753-683775, 683815-683839, 683882-683903, 683922-683935, 683954-683967, 684009-684031, 684091-684095, 684134-684159, 684218-684223, 684250-684255, 684282-684287, 684329-684351, 684391-684415, 684458-684479, 684524-684543, 684590-684607, 684629-684639, 684657-684671, 684734-684735, 684765-684767, 684785-684799, 684840-684863, 684904-684927, 684948-684959, 684979-684991, 685025-685055, 685112-685119, 685145-685151, 685183, 685222-685247, 685308-685311, 685380-685407, 685436-685439, 685467-685471, 685492-685503, 685535, 685556-685567, 685634-685663, 685694-685695, 685735-685759, 685798-685823, 685841-685855, 685881-685887, 685939-685951, 685973-685983, 686011-686015, 686078-686079, 686136-686143, 686170-686175, 686201-686207, 686250-686271, 686313-686335, 686377-686399, 686441-686463, 686518-686527, 686564-686591, 686611-686623, 686642-686655, 686695-686719, 686758-686783, 686835-686847, 686871-686879, 686909-686911, 686951-686975, 686995-687007, 687035-687039, 687079-687103, 687165-687167, 687230-687231, 687260-687263, 687283-687295, 687334-687359, 687378-687391, 687409-687423, 687477-687487, 687512-687519, 687540-687551, 687596-687615, 687643-687647, 687671-687679, 687716-687743, 687781-687807, 687845-687871, 687955-687967, 687995-687999, 688047-688127
  Free inodes: 163841-172032
Group 21: (Blocks 688128-720895) csum 0x65cf [INODE_UNINIT, ITABLE_ZEROED]
  Block bitmap at 524293 (bg #16 + 5), csum 0x8b2614dc
  Inode bitmap at 524309 (bg #16 + 21), csum 0x00000000
  Inode table at 526880-527391 (bg #16 + 2592)
  478 free blocks, 8192 free inodes, 0 directories, 8192 unused inodes
  Free blocks: 690025-690047, 690108-690111, 690159-690175, 690345-690367, 690425-690431, 690602-690623, 691048-691071, 691180-691199, 692104-692159, 692202-692223, 692494-692543, 692585-692607, 692730-692735, 692898-692991, 693071-693119, 693217-693247, 693409-693410, 693413-693416, 694271
  Free inodes: 172033-180224
Group 22: (Blocks 720896-753663) csum 0xd171 [INODE_UNINIT, ITABLE_ZEROED]
  Block bitmap at 524294 (bg #16 + 6), csum 0x80a268ea
  Inode bitmap at 524310 (bg #16 + 22), csum 0x00000000
  Inode table at 527392-527903 (bg #16 + 3104)
  3144 free blocks, 8192 free inodes, 0 directories, 8192 unused inodes
  Free blocks: 723063-723071, 723199, 723282-723295, 723323-723327, 723371-723391, 723420-723423, 723444-723455, 723511-723519, 723539-723551, 723578-723583, 723685-723711, 723737-723743, 723764-723775, 723824-723839, 723887-723903, 723950-723967, 724106-724127, 724146-724159, 724209-724223, 724344-724351, 724391-724415, 724456-724479, 724524-724543, 724589-724607, 724651-724671, 724732-724735, 724863, 724904-724927, 724974-724991, 725112-725119, 725197-725215, 725241-725247, 725418-725439, 725480-725503, 726185-726207, 726269-726271, 726442-726463, 726523-726527, 731703-731711, 731751-731775, 731875-731903, 732084-732095, 732150-732159, 733412-733439, 733597-733599, 733618-733631, 733686-733695, 733801-733823, 733934-733951, 734198-734207, 734780-734847, 734962-734975, 735149-735167, 735193-735199, 735219-735231, 735772-735775, 735802-735807, 735836-735839, 735861-735871, 735969-735999, 736110-736127, 736196-736223, 736252-736255, 736746-736767, 737002-737023, 737125-737151, 737269-737279, 741154-741183, 741230-741247, 741354-741375, 741798-741823, 741844-741855, 741874-741887, 742194-742207, 742225-742239, 742266-742271, 742378-742399, 742577-742591, 742609-742623, 742642-742655, 742821-742847, 742904-742911, 743073-743103, 743140-743167, 743357-743359, 743383-743391, 743415-743423, 746294-746303, 746337-746367, 746434-746463, 746494-746495, 747807, 747825-747839, 747876-747903, 747980-747999, 748017-748031, 748098-748127, 748145-748159, 748188-748191, 748211-748223, 748248-748255, 748275-748287, 748315-748319, 748346-748351, 748401-748415, 748465-748479, 748509-748511, 748537-748543, 748587-748607, 748654-748671, 748739-748767, 748794-748799, 748847-748863, 748923-748927, 748966-748991, 749011-749023, 749044-749055, 749091-749119, 749178-749183, 749223-749247, 749266-749279, 749302-749311, 749339-749343, 749363-749375, 749437-749439, 749488-749503, 749530-749535, 749557-749567, 749594-749599, 749631, 749655-749663, 749688-749695, 749748-749759, 749793-749823, 749865-749887, 749911-749919, 749944-749951, 749992-750015, 750040-750047, 750065-750079, 750110-750111, 750134-750143, 750168-750175, 750195-750207, 750229-750239, 750258-750271, 750310-750335, 750375-750399, 750419-750431, 750449-750463, 750518-750527, 750563-750591, 750690-750719, 750741-750751, 750769-750783, 750801-750815, 750838-750847, 750878-750879, 750900-750911, 750960-750975, 750997-751007, 751030-751039, 751067-751071, 751098-751103, 751125-751135, 751155-751167, 751193-751199, 751227-751231, 751281-751295, 751321-751327, 751347-751359, 751380-751391, 751411-751423, 751443-751455, 751482-751487, 751509-751519, 751588-751615, 751695-751711, 751742-751743, 751781-751807, 751831-751839, 751864-751871, 751907-751935, 751953-751967, 751989-751999, 752044-752063, 752088-752095, 752114-752127, 752221-752223, 752301-752319, 752360-752383, 752440-752447, 752490-752511, 752552-752575, 752639, 752705-752735, 752754-752767, 752792-752799, 752830-752831, 752873-752895, 752968-752991, 753013-753023, 753044-753055, 753075-753087, 753122-753151, 753261-753279, 753321-753343, 753406-753407, 753427-753439, 753463-753471, 753491-753503, 753521-753535, 753557-753567, 753585-753599, 753620-753631, 753656-753663
  Free inodes: 180225-188416
Group 23: (Blocks 753664-786431) csum 0x2c79 [INODE_UNINIT, ITABLE_ZEROED]
  Block bitmap at 524295 (bg #16 + 7), csum 0xf4581244
  Inode bitmap at 524311 (bg #16 + 23), csum 0x00000000
  Inode table at 527904-528415 (bg #16 + 3616)
  3710 free blocks, 8192 free inodes, 0 directories, 8192 unused inodes
  Free blocks: 764505-764511, 764530-764543, 764662-764671, 764905-764927, 768569-768575, 768638-768639, 768764-768767, 768978-769023, 769647-769663, 769771-769791, 770010-770047, 770662-770687, 770796-770815, 771007, 771066-771071, 772170-772223, 772343-772351, 772607, 772946-772991, 773113-773119, 774995-775039, 775157-775167, 775411-775423, 775664-775679, 775810-775935, 776067-776191, 776387-776447, 776585-776703, 776845-776959, 777130-777215, 777493-777599, 777723-777727, 778020-778111, 778231-778239, 778372-778495, 778638-778751, 778881-779007, 779165-779263, 779582-779647, 779771-779775, 779909-780031, 780175-780287, 780430-780543, 780681-780799, 781130-781183, 781304-781311, 781584-781695, 781822-781823, 781953-782079, 782210-782335, 782471-782591, 782813-782847, 782987-783103, 783237-783359, 783566-783615, 783870-783871, 784200-784255, 784366-784383, 784686-784767, 784877-784895, 785025-785151, 785373-785407, 785601-785663, 785817-785919, 786289-786303, 786410-786431
  Free inodes: 188417-196608
Group 24: (Blocks 786432-819199) csum 0xbcc0 [INODE_UNINIT, ITABLE_ZEROED]
  Block bitmap at 524296 (bg #16 + 8), csum 0x873403a4
  Inode bitmap at 524312 (bg #16 + 24), csum 0x00000000
  Inode table at 528416-528927 (bg #16 + 4128)
  364 free blocks, 8192 free inodes, 0 directories, 8192 unused inodes
  Free blocks: 787598-787647, 787685-787711, 787768-787839, 787934-787967, 788299-788479
  Free inodes: 196609-204800
Group 25: (Blocks 819200-851967) csum 0x878a [INODE_UNINIT, ITABLE_ZEROED]
  Backup superblock at 819200, Group descriptors at 819201-819205
  Reserved GDT blocks at 819206-820229
  Block bitmap at 524297 (bg #16 + 9), csum 0xa3636578
  Inode bitmap at 524313 (bg #16 + 25), csum 0x00000000
  Inode table at 528928-529439 (bg #16 + 4640)
  4324 free blocks, 8192 free inodes, 0 directories, 8192 unused inodes
  Free blocks: 820230-820255, 820276-820287, 820350-820351, 820463-820479, 820717-820735, 821259-821279, 821301-821311, 821356-821375, 821496-821503, 821724-821727, 821746-821759, 822298-822303, 822328-822335, 822369-822399, 822519-822527, 822691-822719, 822761-822783, 823385, 823395-823396, 823401-823404, 823750, 823753-823754, 823760, 823762-823765, 823972-823999, 824054-824063, 824221-824223, 824247-824255, 824306-824319, 824484-824511, 824558-824575, 824729-824735, 824767, 824791-824799, 824819-824831, 824980-824991, 825043-825055, 825073-825087, 825238-825247, 825275-825279, 825301-825311, 825333-825343, 825499-825503, 825521-825535, 825553-825567, 825591-825599, 825783-825791, 825836-825855, 826027-826047, 826088-826111, 826259-826271, 826303, 826326-826335, 826356-826367, 826516-826527, 826551-826559, 826587-826591, 826612-826623, 826861-826879, 826947-826975, 826997-827007, 827079-827103, 827124-827135, 827265-827295, 827313-827327, 827347-827359, 827378-827391, 827667-827679, 827699-827711, 827757-827775, 827894-827903, 828066-828095, 828137-828159, 828315-828319, 828338-828351, 828404-828415, 828593-828607, 828641-828671, 828787-828799, 828914-828927, 829027-829055, 829156-829183, 829357-829375, 829418-829439, 830184-830207, 830308-830335, 830436-830463, 830564-830591, 830663-830687, 830713-830719, 830807-830815, 830841-830847, 830913-830943, 830971-830975, 832880-832895, 832963-832991, 833018-833023, 833278-833279, 833470-833471, 833819-833823, 833855, 833908-833919, 834034-834047, 834183-834207, 834226-834239, 834292-834303, 834476-834495, 834534-834559, 834960-834975, 835001-835007, 835043-835071, 835317-835327, 835502-835519, 835566-835583, 835964-835967, 836037-836063, 836089-836095, 836445-836447, 836477-836479, 836549-836575, 836603-836607, 837240-837247, 837281-837311, 837336-837343, 837363-837375, 837414-837439, 837483-837503, 837569-837599, 837625-837631, 841257-841279, 841333-841343, 841363-841375, 841398-841407, 841446-841471, 841493-841503, 841525-841535, 841569-841599, 841666-841695, 841719-841727, 841761-841791, 841851-841855, 841890-841919, 841978-841983, 842042-842047, 842091-842111, 842129-842143, 842172-842175, 842229-842239, 842292-842303, 842327-842335, 842363-842367, 842409-842431, 842483-842495, 842527, 842555-842559, 842609-842623, 842676-842687, 842716-842719, 842744-842751, 842808-842815, 842863-842879, 842951-842975, 842998-843007, 843039, 843066-843071, 843120-843135, 843160-843167, 843196-843199, 843253-843263, 843315-843327, 843356-843359, 843391, 843428-843455, 843475-843487, 843516-843519, 843575-843583, 843601-843615, 843643-843647, 843703-843711, 843736-843743, 843772-843775, 843828-843839, 843888-843903, 843970-843999, 844024-844031, 844059-844063, 844088-844095, 844146-844159, 844225-844255, 844283-844287, 844340-844351, 844380-844383, 844410-844415, 844466-844479, 844529-844543, 844570-844575, 844603-844607, 844661-844671, 844714-844735, 844762-844767, 844799, 844854-844863, 844891-844895, 844924-844927, 845005-845023, 845051-845055, 845107-845119, 845170-845183, 845211-845215, 845243-845247, 845298-845311, 845363-845375, 845393-845407, 845433-845439, 845475-845503, 845566-845567, 845593-845599, 845625-845631, 845681-845695, 845765-845791, 845818-845823, 845885-845887, 845908-845919, 845944-845951, 845985-846015, 846055-846079, 846109-846111, 846139-846143, 846195-846207, 846227-846239, 846263-846271, 846326-846335, 846361-846367, 846391-846399, 846462-846463, 846533-846559, 846645-846655, 846684-846687, 846715-846719, 846772-846783, 846835-846847, 846876-846879, 846908-846911, 846964-846975, 847044-847071, 847098-847103, 847137-847167, 847220-847231, 847282-847295, 847323-847327, 847354-847359, 847395-847423, 847457-847487, 847553-847583, 847606-847615, 847666-847679, 847730-847743, 847771-847775, 847803-847807, 847868-847871, 847946-847967, 847994-847999, 848069-848095, 848118-848127, 848158-848159, 848187-848191, 848243-848255, 848313-848319, 848338-848351, 848374-848383, 848450-848479, 848505-848511, 848545-848575, 848629-848639, 848660-848671, 848698-848703, 848750-848767, 848811-848831, 848850-848863, 848890-848895, 848942-848959, 849014-849023, 849060-849407, 849673-849919
  Free inodes: 204801-212992
Group 26: (Blocks 851968-884735) csum 0x7675 [INODE_UNINIT, ITABLE_ZEROED]
  Block bitmap at 524298 (bg #16 + 10), csum 0xcfdb68e2
  Inode bitmap at 524314 (bg #16 + 26), csum 0x00000000
  Inode table at 529440-529951 (bg #16 + 5152)
  3199 free blocks, 8192 free inodes, 0 directories, 8192 unused inodes
  Free blocks: 852031, 852056-852063, 852083-852095, 852213-852223, 852251-852255, 852284-852287, 852326-852351, 852370-852383, 852407-852415, 852458-852479, 852811-852831, 852855-852863, 852933-852959, 852986-852991, 853391-853407, 853430-853439, 853486-853503, 853505, 854012, 854014-854015, 854081-854111, 854137-854143, 854184-854207, 854251-854271, 854354-854367, 854440-854463, 854497-854527, 854608-854610, 854628, 854630-854631, 854635, 854637, 855279-855295, 855465-855487, 855549-855551, 855921-855935, 855955-855967, 855994-855999, 856039-856068, 856225, 856228-856230, 856234, 856237-856239, 856252, 856254-856271, 856275, 856277-856281, 856407, 856409-856410, 856413-856414, 856445, 856447-856448, 856450-856453, 856503, 856505-856506, 856520-856523, 856905-856927, 856948-856959, 857005-857023, 857077-857087, 857758-857759, 857786-857791, 857827-857855, 857985-858015, 858092-858111, 859043-859071, 859093-859103, 859135, 859502-859519, 859581-859583, 859606-859615, 859644-859647, 859865-859871, 859897-859903, 859987-859999, 860021-860031, 860108-860127, 860155-860159, 860252-860255, 860283-860287, 860383, 860411-860415, 860501-860511, 860534-860543, 860620-860639, 860658-860671, 860828-860831, 860861-860927, 861015-861023, 861052-861055, 861140-861151, 861169-861183, 862339-862367, 862391-862399, 862434-862463, 862538-862559, 862582-862591, 862698-862719, 862804-862815, 862834-862847, 862936-862943, 862962-862975, 863060-863071, 863090-863103, 863192-863199, 863218-863231, 863316-863327, 863352-863359, 863469-863487, 863532-863551, 863571-863583, 863602-863615, 863672-863679, 863726-863743, 863748, 863750-863751, 863755, 863757-863758, 864185-864186, 864251-864252, 869676-869695, 869750-869759, 869777-869791, 869817-869823, 869872-869887, 869906-869919, 869940-869951, 869987-870015, 870129-870143, 870345-870367, 870391-870399, 870661-870687, 870705-870719, 870755-870783, 870873-870879, 870907-870911, 871449-871455, 871481-871487, 871533-871551, 871641-871647, 871673-871679, 871719-871743, 871779-871807, 871874-871903, 871932-872319, 872386-872415, 872444-872831, 872886-872895, 872936-872959, 873652-873663, 873702-873727, 873762-873791, 873822-873823, 873844-873855, 873932-873951, 873975-873983, 874278-874303, 874360-874367, 874489-874495, 877373-877375, 877395-877407, 877429-877439, 877567, 881841-881855, 881882-881887, 881907-881919, 881953-881983, 882023-882047, 882075-882079, 882104-882111, 882131-882143, 882170-882175, 882361-882367, 882404-882431, 882449-882463, 882483-882687, 883575-883583, 883603-883615, 883635-883647, 883686-883711
  Free inodes: 212993-221184
Group 27: (Blocks 884736-917503) csum 0x0746 [INODE_UNINIT, ITABLE_ZEROED]
  Backup superblock at 884736, Group descriptors at 884737-884741
  Reserved GDT blocks at 884742-885765
  Block bitmap at 524299 (bg #16 + 11), csum 0x62c1ada5
  Inode bitmap at 524315 (bg #16 + 27), csum 0x00000000
  Inode table at 529952-530463 (bg #16 + 5664)
  2685 free blocks, 8192 free inodes, 0 directories, 8192 unused inodes
  Free blocks: 885766-885791, 885822-885823, 885878-885887, 885971-885983, 886009-886015, 886244-886271, 886724-886751, 886779-886783, 896066-896095, 896126-896127, 896212-896223, 896245-896255, 896437-896447, 896494-896511, 898299-898303, 898394-898399, 898421-898431, 898558-898559, 898698-898719, 898750-898751, 898795-898815, 898983-899007, 899051-899071, 899515-899519, 899566-899583, 900026-900031, 900084-900095, 900261-900287, 900338-900351, 900568-900575, 900607, 901441-901471, 901502-901503, 901612-901631, 902214-902239, 902258-902271, 902346-902367, 902399, 902447-902463, 902485-902495, 902516-902527, 902585-902591, 902636-902655, 902934-902943, 902975, 903027-903039, 903121-903135, 903154-903167, 903516-903519, 903551, 903592-903615, 903656-903679, 904117-904127, 904189-904191, 909318-909343, 909362-909375, 909421-909439, 909485-909503, 909551-909567, 909624-909631, 909690-909695, 909729-909759, 909802-909823, 910171-910175, 910205-910207, 910252-910271, 910310-910335, 910523-910527, 910574-910591, 910634-910655, 910695-910719, 910737-910751, 910769-910783, 910805-910815, 910837-910847, 911360-911743, 911768-911775, 911797-911807, 911837-911839, 912002-912031, 912054-912063, 912081-912095, 912113-912127, 912149-912159, 912177-912191, 912211-912223, 912242-912255, 912302-912319, 912363-912383, 912605-912607, 912626-912639, 912690-912703, 912738-912767, 912813-912831, 912877-912895, 913205-913215, 913257-913279, 913322-913343, 913387-913791, 913838-913919, 914436-914441, 914446-914470, 914475-914478, 914483-914492, 914504-914512, 914517-914537, 914909-914913, 914930-914932, 914934-914943, 915449-915455, 915591-915615, 915633-915647, 915672-915679, 915700-915967, 916446, 916455-916456, 916470, 916475-916479
  Free inodes: 221185-229376
Group 28: (Blocks 917504-950271) csum 0xd103 [INODE_UNINIT, ITABLE_ZEROED]
  Block bitmap at 524300 (bg #16 + 12), csum 0xda007ff3
  Inode bitmap at 524316 (bg #16 + 28), csum 0x00000000
  Inode table at 530464-530975 (bg #16 + 6176)
  2266 free blocks, 8192 free inodes, 0 directories, 8192 unused inodes
  Free blocks: 918339-918347, 918351-918359, 918383-918391, 918416-918418, 918487-918492, 918503-918512, 918526-918527, 918719-918721, 918723, 918725-918746, 918936, 918940, 918974, 918980-918998, 919029-919039, 919117-919120, 919163-919169, 919199-919202, 919218-919222, 919252-919256, 919283-919285, 919316, 919344-919347, 919385-919388, 919414-919430, 919709-919715, 919790-919807, 919997-919999, 920044-920063, 920413-920415, 920443-920447, 920569-920575, 922136-922163, 922238-922239, 922301-922303, 922411-922591, 922610-922623, 923309-923327, 923373-923391, 923539-923551, 923577-923583, 923621-923647, 937903-937919, 937978-937983, 940237-940255, 940273-940287, 940374-940383, 940406-940415, 940526-940543, 940728-940735, 940775-940799, 940899-940927, 940963-940991, 941022-941023, 941051-941055, 941448-941471, 941499-941503, 941564-941567, 941825-941855, 941873-941887, 941937-941951, 942017-942047, 942068-942079, 942283-942303, 942335, 942514-942527, 942565-942591, 942636-942655, 942680-942687, 942713-942719, 942815, 942839-942847, 942907-942911, 942937-942943, 942964-942975, 943081-943103, 943631-943647, 943666-943679, 943725-943743, 943803-943807, 943834-943839, 944081-944095, 944116-944127, 946233-946303, 946421-946431, 946567-946591, 946613-946687, 947064-947199, 947380-947455, 947629-947711, 947906-947935, 947960-948223, 949375-949759
  Free inodes: 229377-237568
Group 29: (Blocks 950272-983039) csum 0x3d51 [INODE_UNINIT, ITABLE_ZEROED]
  Block bitmap at 524301 (bg #16 + 13), csum 0xd746ad8d
  Inode bitmap at 524317 (bg #16 + 29), csum 0x00000000
  Inode table at 530976-531487 (bg #16 + 6688)
  4082 free blocks, 8192 free inodes, 0 directories, 8192 unused inodes
  Free blocks: 950545-950559, 950584-950655, 950729-950751, 950776-950783, 950871-950911, 950975, 951002-951038, 951682-952191, 952272-952319, 952468-952735, 952763-952767, 952827-952831, 952977-952991, 953017-953023, 953065-953087, 953121-953151, 953187-953215, 953234-953247, 953268-953279, 953338-953343, 953686-953695, 953722-953727, 953823, 953842-953855, 954152-954175, 954228-954239, 954278-954303, 954339-954367, 954813-954815, 954852-954879, 955357-955359, 955385-955391, 955703-955711, 955756-955775, 955837-955839, 955874-955903, 955939-955967, 956002-956031, 956068-956095, 956126-956127, 956195-956223, 956260-956287, 956324-956351, 956386-956415, 956451-956479, 956503-956511, 956529-956543, 956577-956607, 956642-956671, 956705-956735, 956776-956799, 956836-956863, 956897-956927, 956961-956991, 957017-957023, 957055, 957092-957119, 957148-957151, 957183, 957206-957215, 957243-957247, 957286-957311, 957347-957375, 957411-957439, 957474-957503, 957538-957567, 957603-957631, 957676-957695, 957759, 957793-957823, 957867-957887, 957921-957951, 957992-958015, 958054-958079, 958123-958143, 958178-958207, 958239, 958267-958271, 958316-958335, 958367, 958392-958399, 958431, 958455-958463, 958527-958975, 965112-965119, 966071-966143, 966384-966655, 970776-971007, 971253-971263, 971302, 971311-971317, 971333, 971335-971336, 971340, 971357-971359, 971367, 971369-971375, 971377-971378, 971382, 971385-971386, 971417, 971419-971420, 971424, 971427, 971431, 971437, 971447-971449, 971467-971502, 971552, 971554-971555, 971557-971558, 971839-972287, 972793-972799, 976219-976383
  Free inodes: 237569-245760
Group 30: (Blocks 983040-1015807) csum 0xdd18 [INODE_UNINIT, ITABLE_ZEROED]
  Block bitmap at 524302 (bg #16 + 14), csum 0x836fb4d8
  Inode bitmap at 524318 (bg #16 + 30), csum 0x00000000
  Inode table at 531488-531999 (bg #16 + 7200)
  1031 free blocks, 8192 free inodes, 0 directories, 8192 unused inodes
  Free blocks: 999052-999081, 999104-999167, 999193-999295, 999348-999349, 999385, 999409-999423, 1013760-1013761, 1013799-1013812, 1013849-1013881, 1013936-1013951, 1013975-1013978, 1013980-1014017, 1014051-1014054, 1014148-1014166, 1014239-1014269, 1014293-1014299, 1014484-1014559, 1014561-1014655, 1014775-1014783, 1014881-1014951, 1014955, 1014957, 1015149, 1015151, 1015153-1015155, 1015260-1015295, 1015299-1015326, 1015328-1015367, 1015371-1015402, 1015416-1015649, 1015660-1015661, 1015663-1015665, 1015685, 1015690-1015691, 1015693-1015694, 1015796-1015801, 1015804-1015807
  Free inodes: 245761-253952
Group 31: (Blocks 1015808-1048575) csum 0x5336 [INODE_UNINIT, ITABLE_ZEROED]
  Block bitmap at 524303 (bg #16 + 15), csum 0xf681d3c4
  Inode bitmap at 524319 (bg #16 + 31), csum 0x00000000
  Inode table at 532000-532511 (bg #16 + 7712)
  6944 free blocks, 8192 free inodes, 0 directories, 8192 unused inodes
  Free blocks: 1015844-1015871, 1015917-1015919, 1015977-1016005, 1016053-1016063, 1016181-1016183, 1016295-1016319, 1016430-1016447, 1016501-1016511, 1016548-1016550, 1016616, 1016670-1016703, 1016761-1016791, 1016795-1016799, 1016818-1016831, 1016914-1016927, 1017015-1017045, 1017310-1017323, 1017334-1017364, 1017403-1017417, 1017470-1017471, 1017860-1017890, 1017892-1017895, 1017954-1017975, 1018138-1018187, 1018297-1018303, 1018344-1018377, 1018549-1018598, 1018650-1018687, 1018743-1018751, 1018880-1018882, 1018990-1018991, 1018993, 1019068-1019071, 1019127-1019159, 1019162, 1019169-1019173, 1019214-1019215, 1019217-1019218, 1019271-1019272, 1019328-1019334, 1019336-1019379, 1019627-1019647, 1019706-1019720, 1020788-1020799, 1020954-1020978, 1021004-1021015, 1021028-1021059, 1021068-1021078, 1021082-1021131, 1021135-1021179, 1021182-1021183, 1021300-1021311, 1021352-1021380, 1021489-1021578, 1021580, 1021722-1021986, 1022016-1022021, 1022033-1022083, 1022085-1022087, 1022090-1022463, 1022506-1022513, 1022521-1022528, 1022544-1022571, 1022611-1022628, 1022681-1022683, 1022703-1022705, 1022861-1022863, 1022889, 1022895-1022901, 1022907-1022917, 1022923-1022933, 1022940-1022979, 1024489-1024563, 1024577-1024584, 1024589-1024596, 1024603-1024604, 1024738, 1024751-1024788, 1024790-1024812, 1024814, 1024818-1024825, 1024835-1024836, 1024841-1024855, 1024877-1024880, 1024912-1024915, 1024919-1024920, 1024944-1024946, 1024965, 1025250-1025384, 1025695-1026047, 1026057-1026058, 1026079-1026080, 1026087-1026089, 1026091-1026092, 1026097, 1026132-1026133, 1026149, 1026151-1026152, 1026193-1026392, 1026427-1026441, 1026460-1026466, 1026473-1026477, 1026495-1026533, 1026535-1026559, 1027289-1027290, 1027292-1027293, 1027295-1027296, 1027298-1027300, 1027319, 1027321, 1027335-1027336, 1027338, 1027581-1027582, 1027584-1027839, 1028045-1028095, 1030885-1031167, 1031451-1031679, 1032175-1032217, 1032222-1032384, 1032940-1032959, 1033109-1033223, 1033237-1033728, 1033730-1034239, 1034604-1034751, 1035216-1035263, 1037065-1037311, 1037807-1037823, 1039009-1039359, 1041478-1041919, 1042504-1042943, 1043358-1043455, 1044365-1044479
  Free inodes: 253953-262144
Group 32: (Blocks 1048576-1081343) csum 0xf47a [ITABLE_ZEROED]
  Block bitmap at 1048576 (+0), csum 0xb8537f3e
  Inode bitmap at 1048592 (+16), csum 0x165aaa7a
  Inode table at 1048608-1049119 (+32)
  948 free blocks, 5510 free inodes, 315 directories, 5476 unused inodes
  Free blocks: 1057024-1057071, 1059264-1059343, 1059348-1059349, 1059360-1059455, 1059460-1059463, 1059472-1059487, 1059496-1059519, 1059528-1060036, 1060040-1060110, 1060112-1060127, 1060352-1060375, 1060550-1060607
  Free inodes: 264803, 264823-264851, 264853, 264855, 264857, 264859, 264861-270336
Group 33: (Blocks 1081344-1114111) csum 0xe415 [INODE_UNINIT, ITABLE_ZEROED]
  Block bitmap at 1048577 (bg #32 + 1), csum 0xb38e899e
  Inode bitmap at 1048593 (bg #32 + 17), csum 0x00000000
  Inode table at 1049120-1049631 (bg #32 + 544)
  153 free blocks, 8192 free inodes, 0 directories, 8192 unused inodes
  Free blocks: 1081964-1081983, 1082380-1082383, 1082440-1082455, 1082491-1082496, 1082559-1082574, 1082670-1082677, 1082911-1082913, 1083072, 1083134-1083135, 1083199-1083206, 1083300-1083313, 1083350-1083353, 1083371-1083383, 1088511, 1089021-1089022, 1090046-1090047, 1096184-1096191, 1104376-1104383, 1106424-1106431, 1112441, 1114008-1114015
  Free inodes: 270337-278528
Group 34: (Blocks 1114112-1146879) csum 0xc2ce [INODE_UNINIT, BLOCK_UNINIT, ITABLE_ZEROED]
  Block bitmap at 1048578 (bg #32 + 2), csum 0x00000000
  Inode bitmap at 1048594 (bg #32 + 18), csum 0x00000000
  Inode table at 1049632-1050143 (bg #32 + 1056)
  32768 free blocks, 8192 free inodes, 0 directories, 8192 unused inodes
  Free blocks: 1114112-1146879
  Free inodes: 278529-286720
Group 35: (Blocks 1146880-1179647) csum 0xdce5 [INODE_UNINIT, BLOCK_UNINIT, ITABLE_ZEROED]
  Block bitmap at 1048579 (bg #32 + 3), csum 0x00000000
  Inode bitmap at 1048595 (bg #32 + 19), csum 0x00000000
  Inode table at 1050144-1050655 (bg #32 + 1568)
  32768 free blocks, 8192 free inodes, 0 directories, 8192 unused inodes
  Free blocks: 1146880-1179647
  Free inodes: 286721-294912
Group 36: (Blocks 1179648-1212415) csum 0x1d27 [INODE_UNINIT, BLOCK_UNINIT, ITABLE_ZEROED]
  Block bitmap at 1048580 (bg #32 + 4), csum 0x00000000
  Inode bitmap at 1048596 (bg #32 + 20), csum 0x00000000
  Inode table at 1050656-1051167 (bg #32 + 2080)
  32768 free blocks, 8192 free inodes, 0 directories, 8192 unused inodes
  Free blocks: 1179648-1212415
  Free inodes: 294913-303104
Group 37: (Blocks 1212416-1245183) csum 0x030c [INODE_UNINIT, BLOCK_UNINIT, ITABLE_ZEROED]
  Block bitmap at 1048581 (bg #32 + 5), csum 0x00000000
  Inode bitmap at 1048597 (bg #32 + 21), csum 0x00000000
  Inode table at 1051168-1051679 (bg #32 + 2592)
  32768 free blocks, 8192 free inodes, 0 directories, 8192 unused inodes
  Free blocks: 1212416-1245183
  Free inodes: 303105-311296
Group 38: (Blocks 1245184-1277951) csum 0x5780 [INODE_UNINIT, BLOCK_UNINIT, ITABLE_ZEROED]
  Block bitmap at 1048582 (bg #32 + 6), csum 0x00000000
  Inode bitmap at 1048598 (bg #32 + 22), csum 0x00000000
  Inode table at 1051680-1052191 (bg #32 + 3104)
  32768 free blocks, 8192 free inodes, 0 directories, 8192 unused inodes
  Free blocks: 1245184-1277951
  Free inodes: 311297-319488
Group 39: (Blocks 1277952-1310719) csum 0x49ab [INODE_UNINIT, BLOCK_UNINIT, ITABLE_ZEROED]
  Block bitmap at 1048583 (bg #32 + 7), csum 0x00000000
  Inode bitmap at 1048599 (bg #32 + 23), csum 0x00000000
  Inode table at 1052192-1052703 (bg #32 + 3616)
  32768 free blocks, 8192 free inodes, 0 directories, 8192 unused inodes
  Free blocks: 1277952-1310719
  Free inodes: 319489-327680
Group 40: (Blocks 1310720-1343487) csum 0xd404 [INODE_UNINIT, BLOCK_UNINIT, ITABLE_ZEROED]
  Block bitmap at 1048584 (bg #32 + 8), csum 0x00000000
  Inode bitmap at 1048600 (bg #32 + 24), csum 0x00000000
  Inode table at 1052704-1053215 (bg #32 + 4128)
  32768 free blocks, 8192 free inodes, 0 directories, 8192 unused inodes
  Free blocks: 1310720-1343487
  Free inodes: 327681-335872
Group 41: (Blocks 1343488-1376255) csum 0xca2f [INODE_UNINIT, BLOCK_UNINIT, ITABLE_ZEROED]
  Block bitmap at 1048585 (bg #32 + 9), csum 0x00000000
  Inode bitmap at 1048601 (bg #32 + 25), csum 0x00000000
  Inode table at 1053216-1053727 (bg #32 + 4640)
  32768 free blocks, 8192 free inodes, 0 directories, 8192 unused inodes
  Free blocks: 1343488-1376255
  Free inodes: 335873-344064
Group 42: (Blocks 1376256-1409023) csum 0x9ea3 [INODE_UNINIT, BLOCK_UNINIT, ITABLE_ZEROED]
  Block bitmap at 1048586 (bg #32 + 10), csum 0x00000000
  Inode bitmap at 1048602 (bg #32 + 26), csum 0x00000000
  Inode table at 1053728-1054239 (bg #32 + 5152)
  32768 free blocks, 8192 free inodes, 0 directories, 8192 unused inodes
  Free blocks: 1376256-1409023
  Free inodes: 344065-352256
Group 43: (Blocks 1409024-1441791) csum 0x8088 [INODE_UNINIT, BLOCK_UNINIT, ITABLE_ZEROED]
  Block bitmap at 1048587 (bg #32 + 11), csum 0x00000000
  Inode bitmap at 1048603 (bg #32 + 27), csum 0x00000000
  Inode table at 1054240-1054751 (bg #32 + 5664)
  32768 free blocks, 8192 free inodes, 0 directories, 8192 unused inodes
  Free blocks: 1409024-1441791
  Free inodes: 352257-360448
Group 44: (Blocks 1441792-1474559) csum 0x414a [INODE_UNINIT, BLOCK_UNINIT, ITABLE_ZEROED]
  Block bitmap at 1048588 (bg #32 + 12), csum 0x00000000
  Inode bitmap at 1048604 (bg #32 + 28), csum 0x00000000
  Inode table at 1054752-1055263 (bg #32 + 6176)
  32768 free blocks, 8192 free inodes, 0 directories, 8192 unused inodes
  Free blocks: 1441792-1474559
  Free inodes: 360449-368640
Group 45: (Blocks 1474560-1507327) csum 0x5f61 [INODE_UNINIT, BLOCK_UNINIT, ITABLE_ZEROED]
  Block bitmap at 1048589 (bg #32 + 13), csum 0x00000000
  Inode bitmap at 1048605 (bg #32 + 29), csum 0x00000000
  Inode table at 1055264-1055775 (bg #32 + 6688)
  32768 free blocks, 8192 free inodes, 0 directories, 8192 unused inodes
  Free blocks: 1474560-1507327
  Free inodes: 368641-376832
Group 46: (Blocks 1507328-1540095) csum 0x51a6 [INODE_UNINIT, ITABLE_ZEROED]
  Block bitmap at 1048590 (bg #32 + 14), csum 0xe64555f3
  Inode bitmap at 1048606 (bg #32 + 30), csum 0x00000000
  Inode table at 1055776-1056287 (bg #32 + 7200)
  16810 free blocks, 8192 free inodes, 0 directories, 8192 unused inodes
  Free blocks: 1508609-1508671, 1508736-1508927, 1509360-1509475, 1509565-1509603, 1509671-1509681, 1509684-1509891, 1510811-1510911, 1510937-1511423, 1517297-1517391, 1520692-1520895, 1523521-1525759, 1526671-1526783, 1527154-1540095
  Free inodes: 376833-385024
Group 47: (Blocks 1540096-1572863) csum 0xa8f2 [INODE_UNINIT, ITABLE_ZEROED]
  Block bitmap at 1048591 (bg #32 + 15), csum 0xcea07d40
  Inode bitmap at 1048607 (bg #32 + 31), csum 0x00000000
  Inode table at 1056288-1056799 (bg #32 + 7712)
  38 free blocks, 8192 free inodes, 0 directories, 8192 unused inodes
  Free blocks: 1548440-1548447, 1556464-1556479, 1556984-1556991, 1560574-1560575, 1564668-1564671
  Free inodes: 385025-393216
Group 48: (Blocks 1572864-1605631) csum 0x8781 [ITABLE_ZEROED]
  Block bitmap at 1572864 (+0), csum 0xd081dde8
  Inode bitmap at 1572880 (+16), csum 0xcd0b11de
  Inode table at 1572896-1573407 (+32)
  713 free blocks, 0 free inodes, 788 directories
  Free blocks: 1586432-1586847, 1586861, 1587232-1587423, 1587426-1587429, 1587442-1587443, 1588661, 1588785-1588786, 1588794, 1588869, 1588876, 1598251, 1598254, 1598328, 1598643, 1599022, 1599597, 1602464-1602479, 1602489-1602490, 1602492-1602559
  Free inodes: 
Group 49: (Blocks 1605632-1638399) csum 0xeb3e [ITABLE_ZEROED]
  Backup superblock at 1605632, Group descriptors at 1605633-1605637
  Reserved GDT blocks at 1605638-1606661
  Block bitmap at 1572865 (bg #48 + 1), csum 0x12c95e3d
  Inode bitmap at 1572881 (bg #48 + 17), csum 0x08c16bab
  Inode table at 1573408-1573919 (bg #48 + 544)
  7540 free blocks, 2 free inodes, 872 directories
  Free blocks: 1606700-1606701, 1606705, 1606711, 1606744-1606747, 1606772-1606779, 1606800-1606803, 1606808-1606809, 1606886-1606889, 1606912-1606920, 1606922, 1606980-1606981, 1607039-1607043, 1607079-1607083, 1607085, 1607087-1607097, 1607168-1607175, 1607207, 1607273-1607279, 1607281-1607282, 1607468-1607469, 1607525-1607533, 1607592-1607595, 1607669-1607679, 1607728-1607732, 1607735, 1607759-1607763, 1607783-1607784, 1607820-1607826, 1607885-1607896, 1607912-1607913, 1607933-1607941, 1608035-1608039, 1608077-1608081, 1608102-1608105, 1608144-1608145, 1608164-1608177, 1608200-1608207, 1608253-1608255, 1608352-1608353, 1608410-1608415, 1608465-1608467, 1608487-1608488, 1608532-1608543, 1608705, 1608727, 1608732-1608733, 1608737-1608745, 1608768-1608775, 1608827-1608828, 1608832-1608834, 1608883-1608897, 1608902, 1608904, 1608908, 1608910, 1608918, 1608982-1608983, 1608987-1608990, 1609067-1609068, 1609129-1609133, 1609184, 1609254-1609258, 1609299-1609304, 1609348-1609357, 1609419-1609425, 1609492-1609503, 1609580-1609592, 1609643-1609663, 1609696-1609710, 1610579-1610623, 1610698-1610751, 1610770-1610788, 1610808-1610825, 1610900-1610911, 1611136-1611199, 1611264-1611275, 1611282-1611284, 1611339-1611341, 1611349-1611379, 1611388-1611389, 1611406-1611408, 1611415-1611419, 1611517-1611519, 1611526-1611528, 1611559-1611577, 1611596-1611597, 1611618-1611629, 1611636-1611640, 1611679-1611684, 1611702-1611709, 1611715-1611716, 1611718-1611722, 1611724, 1611732, 1611767-1611775, 1611813-1611816, 1611836-1611855, 1611874-1611875, 1611898-1611903, 1611989-1612008, 1612027-1612028, 1612048-1612066, 1612122-1612144, 1612224-1612248, 1612266-1612303, 1612326-1612328, 1612367-1612383, 1612448-1612473, 1612491-1612507, 1612526-1612566, 1612611-1612613, 1612634-1612671, 1612692-1612709, 1612732-1612754, 1612773-1612799, 1612894-1612895, 1612922-1612927, 1612968-1612991, 1613055, 1613093-1613119, 1613278-1613279, 1613429-1613439, 1613560-1613567, 1613631, 1613690-1613695, 1613768-1613791, 1613837-1613854, 1613893-1613894, 1613919, 1613994-1614017, 1614083-1614137, 1614157-1614209, 1614256-1614271, 1614304-1614310, 1614333-1614335, 1614460-1614463, 1614528-1614544, 1614566-1614592, 1614615-1614623, 1614688-1614700, 1614722-1614888, 1614906-1614911, 1614971-1614996, 1615016-1615038, 1615058-1615075, 1615093-1615112, 1615176-1615230, 1615253-1615276, 1615296-1615315, 1615351-1615370, 1615390-1615391, 1615424-1615429, 1615468-1615530, 1615551, 1615584-1615593, 1615595, 1615621-1615622, 1615671-1615721, 1615763-1615784, 1615807-1615813, 1615817-1615871, 1615936-1615949, 1615970-1615996, 1616032, 1616055-1616063, 1616117-1616141, 1616164-1616173, 1616350-1616351, 1616445-1616447, 1616480-1616574, 1616592-1616671, 1616700-1616717, 1616736-1616767, 1616850-1616863, 1616884-1616936, 1616986-1617146, 1617164-1617184, 1617206-1617214, 1617216-1617304, 1617327-1617355, 1617395-1617419, 1617431-1617438, 1617451-1617463, 1617473-1617515, 1617612-1617747, 1617766-1617809, 1617831-1617888, 1617906-1617952, 1617969-1618015, 1618038-1618047, 1618146-1618175, 1618271, 1618296-1618303, 1618397-1618399, 1618417-1618431, 1618580-1618591, 1618618-1618623, 1618686-1618687, 1618746-1618751, 1618789-1618815, 1618852-1618879, 1618904-1618943, 1619052-1619071, 1619123-1619167, 1619375-1619399, 1619426-1619438, 1619555-1619568, 1619595-1619596, 1619616-1619647, 1619693-1619703, 1619723-1619765, 1619788-1619794, 1619832-1619839, 1619872-1619880, 1619968-1619975, 1619981-1619982, 1619986-1620009, 1620075-1620095, 1620194-1620223, 1620294-1620319, 1620350-1620351, 1620440-1620480, 1620482-1620505, 1620507, 1620509-1620511, 1620535-1620543, 1620564-1620584, 1620606-1620608, 1620635-1620639, 1620657-1620674, 1620685-1620703, 1620723-1620740, 1620765-1620767, 1620818-1620839, 1620846-1620881, 1620883-1620916, 1620920-1620927, 1620957-1620967, 1620990-1620991, 1621106-1621119, 1621184-1621204, 1621244, 1621320-1621343, 1621366-1621375, 1621414-1621439, 1621461-1621472, 1621495-1621503, 1621522-1621547, 1621550-1621558, 1621573-1621599, 1621630-1621631, 1621677-1621707, 1621733-1621760, 1621787-1621791, 1621809-1621823, 1621971-1621983, 1622039-1622044, 1622064-1622078, 1622080, 1622120-1622133, 1622513-1622523, 1622544-1622549, 1622571-1622575, 1622577, 1622938-1622952, 1622992-1622999, 1623192-1623199, 1623326-1623356, 1623416, 1623505-1623550, 1623658-1623679, 1623712, 1623716-1623732, 1623736-1623743, 1623782-1623859, 1623861-1623871, 1623936-1623948, 1624020-1624031, 1624049-1624063, 1624103-1624127, 1624148-1624161, 1624294-1624301, 1624501-1624511, 1624556-1624575, 1624641-1624671, 1624694-1624703, 1624768-1624794, 1624799-1624815, 1624820-1624831, 1624940-1624972, 1624979-1624991, 1625009-1625023, 1625069-1625087, 1625249-1625296, 1625302-1625317, 1625319-1625343, 1625535, 1625577-1625614, 1625617-1625624, 1625638-1625663, 1625712-1625727, 1626018-1626047, 1626066-1626105, 1626688, 1626694, 1626696, 1626700, 1626702-1626703, 1626716, 1626724-1626726, 1626831, 1626833-1626834, 1626838-1626843, 1626847, 1626855, 1626860, 1626862-1626863, 1626867-1626868, 1626872, 1626880-1626882, 1626887, 1626889-1626890, 1626892-1626895, 1626900, 1626902-1626903, 1626906-1626910, 1626917-1626924, 1627171, 1627644-1627647, 1628711-1628735, 1628781-1628799, 1629074-1629087, 1629107-1629119, 1629158-1629183, 1630636-1630655, 1630683-1630709, 1630711-1630719, 1630863-1630879, 1630901-1630911, 1631147-1631167, 1631185-1631230, 1631360-1631382, 1631384, 1631386-1631391, 1631487-1631560, 1631562-1631615, 1631744-1631999, 1632128-1632132, 1632134-1632159, 1632192-1632253, 1632255, 1634304-1634343, 1634347-1634550, 1634552, 1634554-1634603, 1634607-1634687, 1634816-1634820, 1634832-1634833, 1634839-1634841, 1634849-1634851, 1635072-1635107, 1635124-1635125, 1635128, 1635130-1635297, 1635313, 1635316, 1635318, 1635321, 1635839-1635890, 1635892-1635967, 1636096-1636365, 1636370-1636373, 1636375-1636387, 1636393-1636396, 1636421-1636425, 1636436-1636446, 1636513-1636515, 1636549-1636553, 1636564-1636684, 1636732-1636733, 1636739-1636838, 1636852-1636863, 1636881-1636889, 1636895-1636906, 1636922-1636925, 1636939-1636945, 1636958, 1636960-1636962, 1636964-1636978, 1636980-1636984, 1637190-1637192, 1637197-1637201, 1637213-1637257, 1637263-1637268, 1637274-1637291, 1637343-1637346, 1637401-1637404, 1637635-1637636, 1637646-1637651, 1637657-1637685, 1637739-1637743, 1637769-1637771, 1637877-1637881, 1637887-1637927, 1637933-1637935, 1637944-1638020, 1638026-1638029, 1638035-1638045, 1638317-1638320, 1638356-1638374, 1638380-1638392, 1638398-1638399
  Free inodes: 404950, 405639
Group 50: (Blocks 1638400-1671167) csum 0xadc6 [ITABLE_ZEROED]
  Block bitmap at 1572866 (bg #48 + 2), csum 0x7e17017a
  Inode bitmap at 1572882 (bg #48 + 18), csum 0xcd0b11de
  Inode table at 1573920-1574431 (bg #48 + 1056)
  4644 free blocks, 0 free inodes, 554 directories
  Free blocks: 1638517-1638527, 1638576-1638591, 1638620-1638627, 1638711-1638721, 1638753, 1638755-1638756, 1638795-1638800, 1638802-1638809, 1638909-1638911, 1638915-1638925, 1638934-1638936, 1638942-1638943, 1638947-1638952, 1638955-1638957, 1638991-1638996, 1638999-1639003, 1639008-1639017, 1639042-1639044, 1639048-1639050, 1639054-1639066, 1639076-1639077, 1639089-1639091, 1639131-1639133, 1639137-1639139, 1639163-1639165, 1639273-1639275, 1639315-1639317, 1639323-1639325, 1639355-1639365, 1639383-1639384, 1639396-1639401, 1639424-1639430, 1639580, 1639597-1639600, 1639934-1639935, 1640120-1640121, 1640163-1640165, 1640200-1640205, 1640240-1640241, 1640290-1640292, 1640302-1640309, 1640533-1640538, 1640882-1640886, 1640952-1640954, 1640959, 1640972-1640974, 1640994-1641007, 1641983, 1642091-1642098, 1642535-1642539, 1642614-1642616, 1642650-1642658, 1642689-1642691, 1642713-1642734, 1642780-1642793, 1642849-1642911, 1642916-1643007, 1643092-1643105, 1643108-1643118, 1643205-1643207, 1643211-1643216, 1643223-1643227, 1643243-1643519, 1643523-1643525, 1643580-1643595, 1643599-1643601, 1643641-1643642, 1643644-1643646, 1643650-1643652, 1643665-1643724, 1643735-1644031, 1644035-1644039, 1644043-1644045, 1644119-1644124, 1644224-1644228, 1644308-1644310, 1644568-1644856, 1644953-1644957, 1645055-1645082, 1645314-1645427, 1645431-1645441, 1645443-1645567, 1645652-1646495, 1646526-1646527, 1646554-1646559, 1646590-1646591, 1646981-1647007, 1647039, 1647086-1647103, 1647602-1647615, 1648269-1648287, 1648305-1648319, 1648370-1648383, 1648475-1648479, 1648500-1648511, 1648586-1648607, 1648722-1648735, 1648753-1648767, 1648842-1648863, 1648888-1648895, 1648914-1648927, 1648956-1648959, 1648990-1648991, 1649015-1649023, 1649062-1649095, 1649097-1649119, 1649147-1649151, 1649331-1649343, 1649379-1649407, 1649439, 1649463-1649471, 1649493-1649503, 1649530-1649535, 1649560-1649567, 1649585-1649599, 1649642-1649682, 1649687-1649695, 1649717-1649727, 1649787-1649791, 1649840-1649855, 1649877-1649887, 1649915-1649919, 1650117-1650143, 1650161-1650175, 1650230-1650239, 1650294-1650303, 1650345-1650367, 1650397-1650399, 1650424-1650431, 1650457-1650463, 1650486-1650495, 1650522-1650558, 1650586-1650591, 1650616-1650623, 1650653-1650655, 1650673-1650687, 1657194-1657215, 1657303-1657311, 1657335-1657343, 1657364-1657375, 1657393-1657419, 1657423, 1657425-1657439, 1657457-1657471, 1657497-1657532, 1657534-1657535, 1657557-1657567, 1657596-1657599, 1657652-1657663, 1657703-1657727, 1657795-1657823, 1657843-1657855, 1657899-1657919, 1657954-1657983, 1658028-1658111, 1658237-1658239, 1658325-1658335, 1658354-1658367, 1659088-1659103, 1659132-1659135, 1659327-1659391, 1659586-1659647, 1659665-1659679, 1659698-1659711, 1659762-1659775, 1659849-1659871, 1659890-1659903, 1660082-1660095, 1660116-1660127, 1660154-1660159, 1660352-1660415, 1660608-1660671, 1660755-1660767, 1660794-1660799, 1660817-1660831, 1660861-1660863, 1660911-1660927, 1663098-1663103, 1663137-1663167, 1663201-1663231, 1663442-1663487, 1663889-1663903, 1663928-1663935, 1663960-1663967, 1663994-1663999, 1664193-1664255, 1664504-1664511, 1664693-1664767, 1665014-1665023, 1667536-1667551, 1667573-1667583, 1668166-1668191, 1668209-1668223, 1668275-1668287, 1668319, 1668339-1668351, 1668575-1668607, 1668940-1668959, 1668977-1668991, 1669012-1669023, 1669052-1669055, 1669091-1669119
  Free inodes: 
Group 51: (Blocks 1671168-1703935) csum 0x8608 [ITABLE_ZEROED]
  Block bitmap at 1572867 (bg #48 + 3), csum 0x598dfe9a
  Inode bitmap at 1572883 (bg #48 + 19), csum 0xcd0b11de
  Inode table at 1574432-1574943 (bg #48 + 1568)
  24161 free blocks, 0 free inodes, 316 directories
  Free blocks: 1679775-1703935
  Free inodes: 
Group 52: (Blocks 1703936-1736703) csum 0xbf8a [ITABLE_ZEROED]
  Block bitmap at 1572868 (bg #48 + 4), csum 0xf61019ff
  Inode bitmap at 1572884 (bg #48 + 20), csum 0xcd0b11de
  Inode table at 1574944-1575455 (bg #48 + 2080)
  32768 free blocks, 0 free inodes, 432 directories
  Free blocks: 1703936-1736703
  Free inodes: 
Group 53: (Blocks 1736704-1769471) csum 0xccb1 [ITABLE_ZEROED]
  Block bitmap at 1572869 (bg #48 + 5), csum 0xf61019ff
  Inode bitmap at 1572885 (bg #48 + 21), csum 0x825b28e2
  Inode table at 1575456-1575967 (bg #48 + 2592)
  32768 free blocks, 2625 free inodes, 30 directories, 2625 unused inodes
  Free blocks: 1736704-1769471
  Free inodes: 439744-442368
Group 54: (Blocks 1769472-1802239) csum 0x7cde [INODE_UNINIT, ITABLE_ZEROED]
  Block bitmap at 1572870 (bg #48 + 6), csum 0xf61019ff
  Inode bitmap at 1572886 (bg #48 + 22), csum 0x00000000
  Inode table at 1575968-1576479 (bg #48 + 3104)
  32768 free blocks, 8192 free inodes, 0 directories, 8192 unused inodes
  Free blocks: 1769472-1802239
  Free inodes: 442369-450560
Group 55: (Blocks 1802240-1835007) csum 0x62f5 [INODE_UNINIT, ITABLE_ZEROED]
  Block bitmap at 1572871 (bg #48 + 7), csum 0xf61019ff
  Inode bitmap at 1572887 (bg #48 + 23), csum 0x00000000
  Inode table at 1576480-1576991 (bg #48 + 3616)
  32768 free blocks, 8192 free inodes, 0 directories, 8192 unused inodes
  Free blocks: 1802240-1835007
  Free inodes: 450561-458752
Group 56: (Blocks 1835008-1867775) csum 0xff5a [INODE_UNINIT, ITABLE_ZEROED]
  Block bitmap at 1572872 (bg #48 + 8), csum 0xf61019ff
  Inode bitmap at 1572888 (bg #48 + 24), csum 0x00000000
  Inode table at 1576992-1577503 (bg #48 + 4128)
  32768 free blocks, 8192 free inodes, 0 directories, 8192 unused inodes
  Free blocks: 1835008-1867775
  Free inodes: 458753-466944
Group 57: (Blocks 1867776-1900543) csum 0x1672 [INODE_UNINIT, ITABLE_ZEROED]
  Block bitmap at 1572873 (bg #48 + 9), csum 0xe2e5363d
  Inode bitmap at 1572889 (bg #48 + 25), csum 0x00000000
  Inode table at 1577504-1578015 (bg #48 + 4640)
  7880 free blocks, 8192 free inodes, 0 directories, 8192 unused inodes
  Free blocks: 1871872-1874170, 1874172-1875423, 1876291-1876319, 1876343-1876367, 1876370-1878623, 1878647-1880063, 1885447-1885471, 1885494-1885695, 1885831-1886207
  Free inodes: 466945-475136
Group 58: (Blocks 1900544-1933311) csum 0xd0f5 [INODE_UNINIT, ITABLE_ZEROED]
  Block bitmap at 1572874 (bg #48 + 10), csum 0x4b28a665
  Inode bitmap at 1572890 (bg #48 + 26), csum 0x00000000
  Inode table at 1578016-1578527 (bg #48 + 5152)
  0 free blocks, 8192 free inodes, 0 directories, 8192 unused inodes
  Free blocks: 
  Free inodes: 475137-483328
Group 59: (Blocks 1933312-1966079) csum 0xcede [INODE_UNINIT, ITABLE_ZEROED]
  Block bitmap at 1572875 (bg #48 + 11), csum 0x4b28a665
  Inode bitmap at 1572891 (bg #48 + 27), csum 0x00000000
  Inode table at 1578528-1579039 (bg #48 + 5664)
  0 free blocks, 8192 free inodes, 0 directories, 8192 unused inodes
  Free blocks: 
  Free inodes: 483329-491520
Group 60: (Blocks 1966080-1998847) csum 0x0f1c [INODE_UNINIT, ITABLE_ZEROED]
  Block bitmap at 1572876 (bg #48 + 12), csum 0x4b28a665
  Inode bitmap at 1572892 (bg #48 + 28), csum 0x00000000
  Inode table at 1579040-1579551 (bg #48 + 6176)
  0 free blocks, 8192 free inodes, 0 directories, 8192 unused inodes
  Free blocks: 
  Free inodes: 491521-499712
Group 61: (Blocks 1998848-2031615) csum 0x1137 [INODE_UNINIT, ITABLE_ZEROED]
  Block bitmap at 1572877 (bg #48 + 13), csum 0x4b28a665
  Inode bitmap at 1572893 (bg #48 + 29), csum 0x00000000
  Inode table at 1579552-1580063 (bg #48 + 6688)
  0 free blocks, 8192 free inodes, 0 directories, 8192 unused inodes
  Free blocks: 
  Free inodes: 499713-507904
Group 62: (Blocks 2031616-2064383) csum 0x45bb [INODE_UNINIT, ITABLE_ZEROED]
  Block bitmap at 1572878 (bg #48 + 14), csum 0x4b28a665
  Inode bitmap at 1572894 (bg #48 + 30), csum 0x00000000
  Inode table at 1580064-1580575 (bg #48 + 7200)
  0 free blocks, 8192 free inodes, 0 directories, 8192 unused inodes
  Free blocks: 
  Free inodes: 507905-516096
Group 63: (Blocks 2064384-2097151) csum 0xfadc [INODE_UNINIT, ITABLE_ZEROED]
  Block bitmap at 1572879 (bg #48 + 15), csum 0x343fb9cd
  Inode bitmap at 1572895 (bg #48 + 31), csum 0x00000000
  Inode table at 1580576-1581087 (bg #48 + 7712)
  7995 free blocks, 8192 free inodes, 0 directories, 8192 unused inodes
  Free blocks: 2064384-2064703, 2064727, 2064741-2064756, 2064758-2065247, 2065280-2065375, 2065395-2065855, 2065891-2066335, 2066358-2066367, 2066411-2066518, 2066520, 2066522-2066541, 2066543-2067236, 2067247-2067260, 2067275-2067310, 2067312-2067356, 2067368, 2067370, 2067372-2067454, 2067456-2067777, 2067784-2067785, 2067788-2068287, 2068325-2068351, 2068417-2068447, 2068468-2068479, 2068654-2068671, 2068733-2068735, 2068900-2068927, 2068945-2068959, 2068977-2068991, 2069075-2069087, 2069110-2069119, 2069203-2069215, 2069234-2069247, 2069436-2069439, 2069458-2069471, 2069490-2069503, 2069745-2069759, 2069829-2069855, 2069873-2069903, 2069908-2069919, 2069940-2069951, 2069972-2069983, 2070001-2070015, 2070110-2070111, 2070136-2070143, 2070170-2070175, 2070194-2070207, 2070239-2070367, 2070392-2070463, 2070482-2070495, 2070520-2070975, 2071036-2071038, 2071040-2071350, 2071352-2071551, 2071556-2071563, 2071566-2071576, 2071591-2071606, 2071615-2071625, 2071627-2071628, 2071631-2071642, 2071651-2071807, 2071811-2071863, 2071867-2071878, 2071882-2071918, 2071921-2072059, 2072061, 2072063-2072502, 2072509-2073055, 2073080-2073087, 2073375, 2073396-2073407, 2073451-2073471, 2073553-2073567, 2073585-2073599, 2073619-2073631, 2073653-2073663, 2073716-2073727, 2073820-2073823, 2073841-2073855, 2073978-2074234, 2074236-2074314, 2074316-2074623, 2076086-2076095, 2076139-2076172, 2076174-2076671
  Free inodes: 516097-524288
Group 64: (Blocks 2097152-2129919) csum 0x7554 [ITABLE_ZEROED]
  Block bitmap at 2097152 (+0), csum 0x2d645632
  Inode bitmap at 2097168 (+16), csum 0x9a71401e
  Inode table at 2097184-2097695 (+32)
  702 free blocks, 8191 free inodes, 1 directories, 8191 unused inodes
  Free blocks: 2105377-2105570, 2106219-2106312, 2109362-2109666, 2110169-2110216, 2121525-2121555, 2121713-2121727, 2129905-2129919
  Free inodes: 524290-532480
Group 65: (Blocks 2129920-2162687) csum 0x9e75 [INODE_UNINIT, BLOCK_UNINIT, ITABLE_ZEROED]
  Block bitmap at 2097153 (bg #64 + 1), csum 0xf61019ff
  Inode bitmap at 2097169 (bg #64 + 17), csum 0x00000000
  Inode table at 2097696-2098207 (bg #64 + 544)
  32768 free blocks, 8192 free inodes, 0 directories, 8192 unused inodes
  Free blocks: 2129920-2162687
  Free inodes: 532481-540672
Group 66: (Blocks 2162688-2195455) csum 0xa5d7 [INODE_UNINIT, BLOCK_UNINIT, ITABLE_ZEROED]
  Block bitmap at 2097154 (bg #64 + 2), csum 0x00000000
  Inode bitmap at 2097170 (bg #64 + 18), csum 0x00000000
  Inode table at 2098208-2098719 (bg #64 + 1056)
  32768 free blocks, 8192 free inodes, 0 directories, 8192 unused inodes
  Free blocks: 2162688-2195455
  Free inodes: 540673-548864
Group 67: (Blocks 2195456-2228223) csum 0xbbfc [INODE_UNINIT, BLOCK_UNINIT, ITABLE_ZEROED]
  Block bitmap at 2097155 (bg #64 + 3), csum 0x00000000
  Inode bitmap at 2097171 (bg #64 + 19), csum 0x00000000
  Inode table at 2098720-2099231 (bg #64 + 1568)
  32768 free blocks, 8192 free inodes, 0 directories, 8192 unused inodes
  Free blocks: 2195456-2228223
  Free inodes: 548865-557056
Group 68: (Blocks 2228224-2260991) csum 0x7a3e [INODE_UNINIT, BLOCK_UNINIT, ITABLE_ZEROED]
  Block bitmap at 2097156 (bg #64 + 4), csum 0x00000000
  Inode bitmap at 2097172 (bg #64 + 20), csum 0x00000000
  Inode table at 2099232-2099743 (bg #64 + 2080)
  32768 free blocks, 8192 free inodes, 0 directories, 8192 unused inodes
  Free blocks: 2228224-2260991
  Free inodes: 557057-565248
Group 69: (Blocks 2260992-2293759) csum 0x6415 [INODE_UNINIT, BLOCK_UNINIT, ITABLE_ZEROED]
  Block bitmap at 2097157 (bg #64 + 5), csum 0x00000000
  Inode bitmap at 2097173 (bg #64 + 21), csum 0x00000000
  Inode table at 2099744-2100255 (bg #64 + 2592)
  32768 free blocks, 8192 free inodes, 0 directories, 8192 unused inodes
  Free blocks: 2260992-2293759
  Free inodes: 565249-573440
Group 70: (Blocks 2293760-2326527) csum 0x3099 [INODE_UNINIT, BLOCK_UNINIT, ITABLE_ZEROED]
  Block bitmap at 2097158 (bg #64 + 6), csum 0x00000000
  Inode bitmap at 2097174 (bg #64 + 22), csum 0x00000000
  Inode table at 2100256-2100767 (bg #64 + 3104)
  32768 free blocks, 8192 free inodes, 0 directories, 8192 unused inodes
  Free blocks: 2293760-2326527
  Free inodes: 573441-581632
Group 71: (Blocks 2326528-2359295) csum 0x2eb2 [INODE_UNINIT, BLOCK_UNINIT, ITABLE_ZEROED]
  Block bitmap at 2097159 (bg #64 + 7), csum 0x00000000
  Inode bitmap at 2097175 (bg #64 + 23), csum 0x00000000
  Inode table at 2100768-2101279 (bg #64 + 3616)
  32768 free blocks, 8192 free inodes, 0 directories, 8192 unused inodes
  Free blocks: 2326528-2359295
  Free inodes: 581633-589824
Group 72: (Blocks 2359296-2392063) csum 0xb31d [INODE_UNINIT, BLOCK_UNINIT, ITABLE_ZEROED]
  Block bitmap at 2097160 (bg #64 + 8), csum 0x00000000
  Inode bitmap at 2097176 (bg #64 + 24), csum 0x00000000
  Inode table at 2101280-2101791 (bg #64 + 4128)
  32768 free blocks, 8192 free inodes, 0 directories, 8192 unused inodes
  Free blocks: 2359296-2392063
  Free inodes: 589825-598016
Group 73: (Blocks 2392064-2424831) csum 0xad36 [INODE_UNINIT, BLOCK_UNINIT, ITABLE_ZEROED]
  Block bitmap at 2097161 (bg #64 + 9), csum 0x00000000
  Inode bitmap at 2097177 (bg #64 + 25), csum 0x00000000
  Inode table at 2101792-2102303 (bg #64 + 4640)
  32768 free blocks, 8192 free inodes, 0 directories, 8192 unused inodes
  Free blocks: 2392064-2424831
  Free inodes: 598017-606208
Group 74: (Blocks 2424832-2457599) csum 0xf9ba [INODE_UNINIT, BLOCK_UNINIT, ITABLE_ZEROED]
  Block bitmap at 2097162 (bg #64 + 10), csum 0x00000000
  Inode bitmap at 2097178 (bg #64 + 26), csum 0x00000000
  Inode table at 2102304-2102815 (bg #64 + 5152)
  32768 free blocks, 8192 free inodes, 0 directories, 8192 unused inodes
  Free blocks: 2424832-2457599
  Free inodes: 606209-614400
Group 75: (Blocks 2457600-2490367) csum 0xe791 [INODE_UNINIT, BLOCK_UNINIT, ITABLE_ZEROED]
  Block bitmap at 2097163 (bg #64 + 11), csum 0x00000000
  Inode bitmap at 2097179 (bg #64 + 27), csum 0x00000000
  Inode table at 2102816-2103327 (bg #64 + 5664)
  32768 free blocks, 8192 free inodes, 0 directories, 8192 unused inodes
  Free blocks: 2457600-2490367
  Free inodes: 614401-622592
Group 76: (Blocks 2490368-2523135) csum 0x8aa1 [INODE_UNINIT, ITABLE_ZEROED]
  Block bitmap at 2097164 (bg #64 + 12), csum 0xf61019ff
  Inode bitmap at 2097180 (bg #64 + 28), csum 0x00000000
  Inode table at 2103328-2103839 (bg #64 + 6176)
  32768 free blocks, 8192 free inodes, 0 directories, 8192 unused inodes
  Free blocks: 2490368-2523135
  Free inodes: 622593-630784
Group 77: (Blocks 2523136-2555903) csum 0xb11b [INODE_UNINIT, ITABLE_ZEROED]
  Block bitmap at 2097165 (bg #64 + 13), csum 0xae8fb333
  Inode bitmap at 2097181 (bg #64 + 29), csum 0x00000000
  Inode table at 2103840-2104351 (bg #64 + 6688)
  24595 free blocks, 8192 free inodes, 0 directories, 8192 unused inodes
  Free blocks: 2523821-2523887, 2525549-2525855, 2528522-2547711, 2549987-2550300, 2550304-2550328, 2550332-2550342, 2550432-2550442, 2550449, 2550453-2550460, 2550466-2550477, 2550479-2550488, 2550490, 2550532-2550622, 2550624-2550625, 2550636-2550788, 2550790-2550855, 2550858-2550860, 2550862-2550908, 2550925-2550930, 2550944-2552111, 2552128-2552171, 2552190-2552319, 2552325-2552446, 2552497-2552499, 2552517-2552530, 2552546-2552557, 2552562-2552565, 2552572-2552650, 2552831, 2553211-2555903
  Free inodes: 630785-638976
Group 78: (Blocks 2555904-2588671) csum 0x1745 [INODE_UNINIT, ITABLE_ZEROED]
  Block bitmap at 2097166 (bg #64 + 14), csum 0x581e7509
  Inode bitmap at 2097182 (bg #64 + 30), csum 0x00000000
  Inode table at 2104352-2104863 (bg #64 + 7200)
  2824 free blocks, 8192 free inodes, 0 directories, 8192 unused inodes
  Free blocks: 2558121-2558139, 2558144-2558343, 2558389-2558719, 2560612-2560886, 2562174-2562563, 2562571-2562574, 2562586-2562589, 2562598-2562601, 2562615, 2562625, 2562641, 2562701-2562703, 2562752-2562754, 2562841-2562858, 2562860-2563071, 2565056-2565119, 2565136-2565206, 2565240-2565631, 2565633, 2565635, 2565637-2565651, 2565653-2566143, 2585965-2586111, 2586122-2586129, 2586179-2586183, 2586268-2586276, 2586331-2586335, 2586475-2586623
  Free inodes: 638977-647168
Group 79: (Blocks 2588672-2621439) csum 0xe90f [INODE_UNINIT, ITABLE_ZEROED]
  Block bitmap at 2097167 (bg #64 + 15), csum 0x361be101
  Inode bitmap at 2097183 (bg #64 + 31), csum 0x00000000
  Inode table at 2104864-2105375 (bg #64 + 7712)
  19071 free blocks, 8192 free inodes, 0 directories, 8192 unused inodes
  Free blocks: 2589190-2589439, 2590025-2590207, 2590661-2590694, 2590706-2590719, 2590775-2590783, 2590806-2590815, 2590839-2590847, 2590871-2590879, 2590902-2590931, 2590936-2590975, 2590999-2591007, 2591030-2591039, 2591062-2591071, 2591094-2591103, 2591126-2591135, 2591158-2591167, 2591190-2591199, 2591222-2591631, 2593894-2594449, 2595090-2595176, 2596461-2596479, 2596503-2596511, 2596534-2596543, 2596567-2596575, 2596598-2596607, 2596630-2596639, 2596662-2596671, 2596695-2596703, 2596727-2596735, 2596759-2596767, 2596791-2596799, 2596822-2597571, 2599153-2599391, 2605181-2621439
  Free inodes: 647169-655360
Group 80: (Blocks 2621440-2654207) csum 0x5ae1 [ITABLE_ZEROED]
  Block bitmap at 2621440 (+0), csum 0xb50a4058
  Inode bitmap at 2621456 (+16), csum 0x5e023297
  Inode table at 2621472-2621983 (+32)
  3893 free blocks, 8188 free inodes, 2 directories, 8187 unused inodes
  Free blocks: 2631373-2631399, 2631425-2631467, 2631477, 2631511-2631518, 2631524-2631525, 2631528-2631530, 2631564-2631574, 2631583-2631595, 2631652-2631666, 2632624-2633485, 2633945-2633973, 2635722, 2635726, 2635728, 2635825, 2635911-2635943, 2635964-2635983, 2636069-2636071, 2645088-2645173, 2645511-2645699, 2645996-2646015, 2648688-2648693, 2648697-2648704, 2648728, 2648734, 2648738-2648741, 2648743, 2648749-2648751, 2648768, 2648772, 2648778, 2648790, 2648802, 2648827, 2648856, 2648859, 2648861, 2648863, 2648876, 2648880-2648882, 2648885-2648889, 2648916, 2648923-2648925, 2648931-2648948, 2648954, 2648965, 2648976-2648980, 2648982, 2648986, 2648989, 2648996-2648999, 2649005, 2649007, 2649011, 2649014, 2649018, 2649042, 2649045, 2649056, 2649060-2649062, 2649097, 2649099, 2649116, 2649135-2649138, 2649156-2649160, 2649416-2649433, 2649549-2649613, 2649709-2649754, 2650369-2650371, 2650388-2650624, 2650630-2650710, 2650721-2650723, 2650726, 2650728, 2650731, 2650734, 2650757-2650758, 2650760-2650778, 2650940-2651127, 2651181-2652825, 2653393-2653394, 2653399-2653404, 2653411-2653424, 2653659-2653661, 2653741-2653824, 2654206-2654207
  Free inodes: 655363, 655366-663552
Group 81: (Blocks 2654208-2686975) csum 0x56ae [INODE_UNINIT, BLOCK_UNINIT, ITABLE_ZEROED]
  Backup superblock at 2654208, Group descriptors at 2654209-2654213
  Reserved GDT blocks at 2654214-2655237
  Block bitmap at 2621441 (bg #80 + 1), csum 0x00000000
  Inode bitmap at 2621457 (bg #80 + 17), csum 0x00000000
  Inode table at 2621984-2622495 (bg #80 + 544)
  31738 free blocks, 8192 free inodes, 0 directories, 8192 unused inodes
  Free blocks: 2655238-2686975
  Free inodes: 663553-671744
Group 82: (Blocks 2686976-2719743) csum 0x227b [INODE_UNINIT, BLOCK_UNINIT, ITABLE_ZEROED]
  Block bitmap at 2621442 (bg #80 + 2), csum 0x00000000
  Inode bitmap at 2621458 (bg #80 + 18), csum 0x00000000
  Inode table at 2622496-2623007 (bg #80 + 1056)
  32768 free blocks, 8192 free inodes, 0 directories, 8192 unused inodes
  Free blocks: 2686976-2719743
  Free inodes: 671745-679936
Group 83: (Blocks 2719744-2752511) csum 0x3c50 [INODE_UNINIT, BLOCK_UNINIT, ITABLE_ZEROED]
  Block bitmap at 2621443 (bg #80 + 3), csum 0x00000000
  Inode bitmap at 2621459 (bg #80 + 19), csum 0x00000000
  Inode table at 2623008-2623519 (bg #80 + 1568)
  32768 free blocks, 8192 free inodes, 0 directories, 8192 unused inodes
  Free blocks: 2719744-2752511
  Free inodes: 679937-688128
